================================================================================
==
==   DFTB+ (Density Functional Tight Binding and much more)
==
==                          Unofficial release (r4465)
==
==                            (ParserVersion = 4)
==
================================================================================

********************************************************************************
** Parsing and initializing
********************************************************************************

Interpreting input file 'dftb_in.hsd'
--------------------------------------------------------------------------------
Reading SK-files:
  /user/panosetti/data/progs/DFTB/parameters/pbc/pbc-0-3/H-H.skf
  /user/panosetti/data/progs/DFTB/parameters/pbc/pbc-0-3/H-Si.skf
  /user/panosetti/data/progs/DFTB/parameters/pbc/pbc-0-3/Si-H.skf
  /user/panosetti/data/progs/DFTB/parameters/pbc/pbc-0-3/Si-Si.skf
Done.


Processed input in HSD format written to 'dftb_pin.hsd'

Starting initialization...
--------------------------------------------------------------------------------
PGRID:ORBITAL: 1 x 2 x 4
PGRID:ALLPROC: 2 x 4
PGRID:ATOM: 2 x 2
RECLATPOINTS: 8767
Mode:                        Conjugate gradient relaxation
Self consistent charges:     Yes
SCC-tolerance:                 0.100000E-04
Max. scc iterations:                    100
Ewald alpha parameter:         0.500000E+00
Spin polarisation:           No
Nr. of up electrons:           108.500000
Nr. of down electrons:         108.500000
Periodic boundaries:         Yes
Diagonalizer:                Divide and Conquer
Maximal SCC-cycles:                     100
Nr. of moved atoms:                      61
Max. nr. of geometry steps:               0
Force tolerance:               0.100000E-03
Electronic temperature:        0.100000E-01
Initial charges:             Set automatically (system chrg:   0.000E+00)
Included shells:              H:  s
                             Si:  s, p
K-points and weights:           1: -0.333333 -0.333333  0.000000     0.111111
                                2: -0.333333  0.000000  0.000000     0.111111
                                3: -0.333333  0.333333  0.000000     0.111111
                                4:  0.000000 -0.333333  0.000000     0.111111
                                5:  0.000000  0.000000  0.000000     0.111111
                                6:  0.000000  0.333333  0.000000     0.111111
                                7:  0.333333 -0.333333  0.000000     0.111111
                                8:  0.333333  0.000000  0.000000     0.111111
                                9:  0.333333  0.333333  0.000000     0.111111
Extra options:

********************************************************************************
** Geometry step: 0
********************************************************************************

MAXNEIGHBORS: 641
  iSCC Total electronic   Diff electronic      SCC error    
    1   -0.69790465E+02    0.00000000E+00    0.52926534E+00
    2   -0.69817615E+02   -0.27150230E-01    0.20070467E+00
    3   -0.69807975E+02    0.96400434E-02    0.66713853E-01
    4   -0.69809135E+02   -0.11601452E-02    0.71683993E-01
    5   -0.69819322E+02   -0.10187015E-01    0.21841175E-01
    6   -0.69820516E+02   -0.11941208E-02    0.12494098E-01
    7   -0.69820360E+02    0.15627045E-03    0.26376462E-02
    8   -0.69820522E+02   -0.16208787E-03    0.14024848E-02
    9   -0.69820406E+02    0.11600630E-03    0.50907644E-03
   10   -0.69820428E+02   -0.21965076E-04    0.15856041E-03
   11   -0.69820422E+02    0.62032594E-05    0.50999035E-04
   12   -0.69820426E+02   -0.43260865E-05    0.20701223E-04
   13   -0.69820425E+02    0.93182054E-06    0.84059938E-05
scc total               CPU:    25.90       Wall:    29.45
 
 Total Energy:                     -69.7787625092 H
 Total Mermin free energy:         -69.8751123339 H
force total             CPU:     1.00       Wall:     1.14
 Volume:                             0.296525E+05 au^3
 Pressure:                          -0.171258E-04 au    -0.503859E+09 Pa
 Maximal force component:            0.166521E-01
 
Geometry converged
program total           CPU:    27.47       Wall:    31.36
