================================================================================
==
==   DFTB+ (Density Functional Tight Binding and much more)
==
==                          Unofficial release (r4465)
==
==                            (ParserVersion = 4)
==
================================================================================

********************************************************************************
** Parsing and initializing
********************************************************************************

Interpreting input file 'dftb_in.hsd'
--------------------------------------------------------------------------------
Reading SK-files:
  /user/panosetti/data/progs/DFTB/parameters/pbc/pbc-0-3/H-H.skf
  /user/panosetti/data/progs/DFTB/parameters/pbc/pbc-0-3/H-Si.skf
  /user/panosetti/data/progs/DFTB/parameters/pbc/pbc-0-3/Si-H.skf
  /user/panosetti/data/progs/DFTB/parameters/pbc/pbc-0-3/Si-Si.skf
Done.


Processed input in HSD format written to 'dftb_pin.hsd'

Starting initialization...
--------------------------------------------------------------------------------
PGRID:ORBITAL: 1 x 2 x 4
PGRID:ALLPROC: 2 x 4
PGRID:ATOM: 2 x 4
RECLATPOINTS: 457
Mode:                        Conjugate gradient relaxation
Self consistent charges:     Yes
SCC-tolerance:                 0.100000E-04
Max. scc iterations:                    100
Ewald alpha parameter:         0.100000E+00
Spin polarisation:           No
Nr. of up electrons:           620.500000
Nr. of down electrons:         620.500000
Periodic boundaries:         Yes
Diagonalizer:                Divide and Conquer
Maximal SCC-cycles:                     100
Nr. of moved atoms:                     347
Max. nr. of geometry steps:               0
Force tolerance:               0.100000E-03
Electronic temperature:        0.360000E-02
Initial charges:             Set automatically (system chrg:   0.000E+00)
Included shells:              H:  s
                             Si:  s, p
K-points and weights:           1:  0.000000  0.000000  0.000000     1.000000
Extra options:

********************************************************************************
** Geometry step: 0
********************************************************************************

MAXNEIGHBORS: 1281
  iSCC Total electronic   Diff electronic      SCC error    
    1   -0.40029302E+03    0.00000000E+00    0.69930702E+00
    2   -0.40054368E+03   -0.25066210E+00    0.30100347E+00
    3   -0.40053003E+03    0.13645927E-01    0.19388291E+00
    4   -0.40042479E+03    0.10523889E+00    0.18641126E+00
    5   -0.40050330E+03   -0.78507043E-01    0.11601477E+00
    6   -0.40064400E+03   -0.14069646E+00    0.87537339E-01
    7   -0.40065616E+03   -0.12159805E-01    0.35578897E-01
    8   -0.40065152E+03    0.46401957E-02    0.68360600E-01
    9   -0.40065761E+03   -0.60955280E-02    0.75576292E-02
   10   -0.40065785E+03   -0.24114051E-03    0.36140444E-02
   11   -0.40065784E+03    0.12122105E-04    0.18729037E-02
   12   -0.40065781E+03    0.27084415E-04    0.10554911E-02
   13   -0.40065780E+03    0.83048722E-05    0.14352550E-02
   14   -0.40065781E+03   -0.67565928E-05    0.29184011E-03
   15   -0.40065781E+03    0.13066940E-05    0.30370663E-03
   16   -0.40065781E+03   -0.81136295E-06    0.15696120E-03
   17   -0.40065781E+03   -0.14092092E-05    0.41824660E-04
   18   -0.40065781E+03    0.36842056E-06    0.15467292E-04
   19   -0.40065781E+03    0.35705398E-07    0.56606378E-05
scc total               CPU:    12.64       Wall:    13.01
 
 Total Energy:                    -400.3751055539 H
 Total Mermin free energy:        -400.4260912754 H
force total             CPU:     0.78       Wall:     0.78
 Volume:                             0.161441E+06 au^3
 Pressure:                          -0.186353E-04 au    -0.548270E+09 Pa
 Maximal force component:            0.172924E-01
 
Geometry converged
program total           CPU:    13.84       Wall:    14.25
