================================================================================
==
==   DFTB+ (Density Functional Tight Binding and much more)
==
==                          Unofficial release (r4465)
==
==                            (ParserVersion = 4)
==
================================================================================

********************************************************************************
** Parsing and initializing
********************************************************************************

Interpreting input file 'dftb_in.hsd'
--------------------------------------------------------------------------------
Reading SK-files:
  /user/panosetti/data/progs/DFTB/parameters/pbc/pbc-0-3/H-H.skf
  /user/panosetti/data/progs/DFTB/parameters/pbc/pbc-0-3/H-Si.skf
  /user/panosetti/data/progs/DFTB/parameters/pbc/pbc-0-3/Si-H.skf
  /user/panosetti/data/progs/DFTB/parameters/pbc/pbc-0-3/Si-Si.skf
Done.


Processed input in HSD format written to 'dftb_pin.hsd'

Starting initialization...
--------------------------------------------------------------------------------
PGRID:ORBITAL: 1 x 2 x 4
PGRID:ALLPROC: 2 x 4
PGRID:ATOM: 2 x 2
RECLATPOINTS: 8767
Mode:                        Conjugate gradient relaxation
Self consistent charges:     Yes
SCC-tolerance:                 0.100000E-04
Max. scc iterations:                    100
Ewald alpha parameter:         0.500000E+00
Spin polarisation:           No
Nr. of up electrons:           108.500000
Nr. of down electrons:         108.500000
Periodic boundaries:         Yes
Diagonalizer:                Divide and Conquer
Maximal SCC-cycles:                     100
Nr. of moved atoms:                      61
Max. nr. of geometry steps:               0
Force tolerance:               0.100000E-03
Electronic temperature:        0.100000E-01
Initial charges:             Set automatically (system chrg:   0.000E+00)
Included shells:              H:  s
                             Si:  s, p
K-points and weights:           1: -0.333333 -0.333333  0.000000     0.111111
                                2: -0.333333  0.000000  0.000000     0.111111
                                3: -0.333333  0.333333  0.000000     0.111111
                                4:  0.000000 -0.333333  0.000000     0.111111
                                5:  0.000000  0.000000  0.000000     0.111111
                                6:  0.000000  0.333333  0.000000     0.111111
                                7:  0.333333 -0.333333  0.000000     0.111111
                                8:  0.333333  0.000000  0.000000     0.111111
                                9:  0.333333  0.333333  0.000000     0.111111
Extra options:

********************************************************************************
** Geometry step: 0
********************************************************************************

MAXNEIGHBORS: 641
  iSCC Total electronic   Diff electronic      SCC error    
    1   -0.69150404E+02    0.00000000E+00    0.48082454E+00
    2   -0.68941048E+02    0.20935619E+00    0.41711031E+00
    3   -0.68761596E+02    0.17945223E+00    0.37619288E+00
    4   -0.69300455E+02   -0.53885936E+00    0.14767830E+00
    5   -0.69298067E+02    0.23888415E-02    0.73442244E-01
    6   -0.69320504E+02   -0.22437109E-01    0.25970934E-01
    7   -0.69320727E+02   -0.22329685E-03    0.10169519E-01
    8   -0.69320483E+02    0.24371101E-03    0.41442904E-02
    9   -0.69320580E+02   -0.96723781E-04    0.17188038E-02
   10   -0.69320565E+02    0.15386378E-04    0.85826968E-03
   11   -0.69320551E+02    0.13108261E-04    0.24184319E-03
   12   -0.69320568E+02   -0.17014732E-04    0.10863081E-03
   13   -0.69320560E+02    0.85421205E-05    0.42285787E-04
   14   -0.69320562E+02   -0.21975055E-05    0.18207474E-04
   15   -0.69320562E+02   -0.12132027E-06    0.88843170E-05
scc total               CPU:    33.41       Wall:    37.74
 
 Total Energy:                     -68.6119474584 H
 Total Mermin free energy:         -68.7600107710 H
force total             CPU:     1.08       Wall:     1.14
 Volume:                             0.296525E+05 au^3
 Pressure:                          -0.106234E-04 au    -0.312551E+09 Pa
 Maximal force component:            0.160322E-01
 
Geometry converged
program total           CPU:    34.83       Wall:    39.28
