================================================================================
==
==   DFTB+ (Density Functional Tight Binding and much more)
==
==                          Unofficial release (r4465)
==
==                            (ParserVersion = 4)
==
================================================================================

********************************************************************************
** Parsing and initializing
********************************************************************************

Interpreting input file 'dftb_in.hsd'
--------------------------------------------------------------------------------
Reading SK-files:
  /user/panosetti/data/progs/DFTB/parameters/pbc/pbc-0-3/H-H.skf
  /user/panosetti/data/progs/DFTB/parameters/pbc/pbc-0-3/H-Si.skf
  /user/panosetti/data/progs/DFTB/parameters/pbc/pbc-0-3/Si-H.skf
  /user/panosetti/data/progs/DFTB/parameters/pbc/pbc-0-3/Si-Si.skf
Done.


Processed input in HSD format written to 'dftb_pin.hsd'

Starting initialization...
--------------------------------------------------------------------------------
PGRID:ORBITAL: 1 x 2 x 4
PGRID:ALLPROC: 2 x 4
PGRID:ATOM: 2 x 2
RECLATPOINTS: 8767
Mode:                        Conjugate gradient relaxation
Self consistent charges:     Yes
SCC-tolerance:                 0.100000E-04
Max. scc iterations:                    100
Ewald alpha parameter:         0.500000E+00
Spin polarisation:           No
Nr. of up electrons:           108.500000
Nr. of down electrons:         108.500000
Periodic boundaries:         Yes
Diagonalizer:                Divide and Conquer
Maximal SCC-cycles:                     100
Nr. of moved atoms:                      61
Max. nr. of geometry steps:               0
Force tolerance:               0.100000E-03
Electronic temperature:        0.100000E-01
Initial charges:             Set automatically (system chrg:   0.000E+00)
Included shells:              H:  s
                             Si:  s, p
K-points and weights:           1: -0.333333 -0.333333  0.000000     0.111111
                                2: -0.333333  0.000000  0.000000     0.111111
                                3: -0.333333  0.333333  0.000000     0.111111
                                4:  0.000000 -0.333333  0.000000     0.111111
                                5:  0.000000  0.000000  0.000000     0.111111
                                6:  0.000000  0.333333  0.000000     0.111111
                                7:  0.333333 -0.333333  0.000000     0.111111
                                8:  0.333333  0.000000  0.000000     0.111111
                                9:  0.333333  0.333333  0.000000     0.111111
Extra options:

********************************************************************************
** Geometry step: 0
********************************************************************************

MAXNEIGHBORS: 641
  iSCC Total electronic   Diff electronic      SCC error    
    1   -0.69018391E+02    0.00000000E+00    0.46270201E+00
    2   -0.68661302E+02    0.35708952E+00    0.45722485E+00
    3   -0.68963140E+02   -0.30183794E+00    0.40176619E+00
    4   -0.69176395E+02   -0.21325493E+00    0.11354765E+00
    5   -0.69175781E+02    0.61376109E-03    0.45096585E-01
    6   -0.69176428E+02   -0.64746322E-03    0.26560091E-01
    7   -0.69176479E+02   -0.50609741E-04    0.78181868E-02
    8   -0.69176277E+02    0.20178581E-03    0.71991318E-02
    9   -0.69176470E+02   -0.19269438E-03    0.13727308E-02
   10   -0.69176426E+02    0.43417914E-04    0.83596827E-03
   11   -0.69176458E+02   -0.31944090E-04    0.50672750E-03
   12   -0.69176444E+02    0.14166550E-04    0.14743566E-03
   13   -0.69176447E+02   -0.26789994E-05    0.47524694E-04
   14   -0.69176447E+02    0.35949100E-07    0.25370851E-04
   15   -0.69176447E+02    0.16843428E-06    0.12225433E-04
   16   -0.69176446E+02    0.20805575E-06    0.46335866E-05
scc total               CPU:     8.62       Wall:     8.72
 
 Total Energy:                     -68.4721547020 H
 Total Mermin free energy:         -68.6298950091 H
force total             CPU:     1.03       Wall:     1.03
 Volume:                             0.296525E+05 au^3
 Pressure:                          -0.174179E-04 au    -0.512452E+09 Pa
 Maximal force component:            0.186282E-01
 
Geometry converged
program total           CPU:     9.94       Wall:    10.08
