================================================================================
==
==   DFTB+ (Density Functional Tight Binding and much more)
==
==                          Unofficial release (r4465)
==
==                            (ParserVersion = 4)
==
================================================================================

********************************************************************************
** Parsing and initializing
********************************************************************************

Interpreting input file 'dftb_in.hsd'
--------------------------------------------------------------------------------
Reading SK-files:
  /user/panosetti/data/progs/DFTB/parameters/pbc/pbc-0-3/H-H.skf
  /user/panosetti/data/progs/DFTB/parameters/pbc/pbc-0-3/H-Si.skf
  /user/panosetti/data/progs/DFTB/parameters/pbc/pbc-0-3/Si-H.skf
  /user/panosetti/data/progs/DFTB/parameters/pbc/pbc-0-3/Si-Si.skf
Done.


Processed input in HSD format written to 'dftb_pin.hsd'

Starting initialization...
--------------------------------------------------------------------------------
PGRID:ORBITAL: 1 x 2 x 4
PGRID:ALLPROC: 2 x 4
PGRID:ATOM: 2 x 2
RECLATPOINTS: 8767
Mode:                        Conjugate gradient relaxation
Self consistent charges:     Yes
SCC-tolerance:                 0.100000E-04
Max. scc iterations:                    100
Ewald alpha parameter:         0.500000E+00
Spin polarisation:           No
Nr. of up electrons:           108.500000
Nr. of down electrons:         108.500000
Periodic boundaries:         Yes
Diagonalizer:                Divide and Conquer
Maximal SCC-cycles:                     100
Nr. of moved atoms:                      61
Max. nr. of geometry steps:               0
Force tolerance:               0.100000E-03
Electronic temperature:        0.100000E-01
Initial charges:             Set automatically (system chrg:   0.000E+00)
Included shells:              H:  s
                             Si:  s, p
K-points and weights:           1: -0.333333 -0.333333  0.000000     0.111111
                                2: -0.333333  0.000000  0.000000     0.111111
                                3: -0.333333  0.333333  0.000000     0.111111
                                4:  0.000000 -0.333333  0.000000     0.111111
                                5:  0.000000  0.000000  0.000000     0.111111
                                6:  0.000000  0.333333  0.000000     0.111111
                                7:  0.333333 -0.333333  0.000000     0.111111
                                8:  0.333333  0.000000  0.000000     0.111111
                                9:  0.333333  0.333333  0.000000     0.111111
Extra options:

********************************************************************************
** Geometry step: 0
********************************************************************************

MAXNEIGHBORS: 641
  iSCC Total electronic   Diff electronic      SCC error    
    1   -0.69771006E+02    0.00000000E+00    0.48245759E+00
    2   -0.69785400E+02   -0.14394108E-01    0.26534069E+00
    3   -0.69784031E+02    0.13689109E-02    0.14089938E+00
    4   -0.69846106E+02   -0.62075265E-01    0.58990002E-01
    5   -0.69844754E+02    0.13523309E-02    0.36141828E-01
    6   -0.69848198E+02   -0.34445725E-02    0.15888507E-01
    7   -0.69847990E+02    0.20864405E-03    0.38156418E-02
    8   -0.69847732E+02    0.25819970E-03    0.23123364E-02
    9   -0.69847869E+02   -0.13790830E-03    0.55475083E-03
   10   -0.69847892E+02   -0.22922681E-04    0.22883003E-03
   11   -0.69847880E+02    0.12752619E-04    0.87317338E-04
   12   -0.69847873E+02    0.63837503E-05    0.63845486E-04
   13   -0.69847876E+02   -0.30958794E-05    0.13927337E-04
   14   -0.69847876E+02    0.59563300E-06    0.40072116E-05
scc total               CPU:    30.36       Wall:    36.46
 
 Total Energy:                     -69.8030523160 H
 Total Mermin free energy:         -69.8931553411 H
force total             CPU:     1.10       Wall:     1.23
 Volume:                             0.296525E+05 au^3
 Pressure:                          -0.194395E-04 au    -0.571930E+09 Pa
 Maximal force component:            0.190493E-01
 
Geometry converged
program total           CPU:    32.29       Wall:    38.68
