================================================================================
==
==   DFTB+ (Density Functional Tight Binding and much more)
==
==                          Unofficial release (r4465)
==
==                            (ParserVersion = 4)
==
================================================================================

********************************************************************************
** Parsing and initializing
********************************************************************************

Interpreting input file 'dftb_in.hsd'
--------------------------------------------------------------------------------
Reading SK-files:
  /user/panosetti/data/progs/DFTB/parameters/pbc/pbc-0-3/H-H.skf
  /user/panosetti/data/progs/DFTB/parameters/pbc/pbc-0-3/H-Si.skf
  /user/panosetti/data/progs/DFTB/parameters/pbc/pbc-0-3/Si-H.skf
  /user/panosetti/data/progs/DFTB/parameters/pbc/pbc-0-3/Si-Si.skf
Done.


Processed input in HSD format written to 'dftb_pin.hsd'

Starting initialization...
--------------------------------------------------------------------------------
PGRID:ORBITAL: 1 x 2 x 4
PGRID:ALLPROC: 2 x 4
PGRID:ATOM: 2 x 2
RECLATPOINTS: 8767
Mode:                        Conjugate gradient relaxation
Self consistent charges:     Yes
SCC-tolerance:                 0.100000E-04
Max. scc iterations:                    100
Ewald alpha parameter:         0.500000E+00
Spin polarisation:           No
Nr. of up electrons:           108.500000
Nr. of down electrons:         108.500000
Periodic boundaries:         Yes
Diagonalizer:                Divide and Conquer
Maximal SCC-cycles:                     100
Nr. of moved atoms:                      61
Max. nr. of geometry steps:               0
Force tolerance:               0.100000E-03
Electronic temperature:        0.100000E-01
Initial charges:             Set automatically (system chrg:   0.000E+00)
Included shells:              H:  s
                             Si:  s, p
K-points and weights:           1: -0.333333 -0.333333  0.000000     0.111111
                                2: -0.333333  0.000000  0.000000     0.111111
                                3: -0.333333  0.333333  0.000000     0.111111
                                4:  0.000000 -0.333333  0.000000     0.111111
                                5:  0.000000  0.000000  0.000000     0.111111
                                6:  0.000000  0.333333  0.000000     0.111111
                                7:  0.333333 -0.333333  0.000000     0.111111
                                8:  0.333333  0.000000  0.000000     0.111111
                                9:  0.333333  0.333333  0.000000     0.111111
Extra options:

********************************************************************************
** Geometry step: 0
********************************************************************************

MAXNEIGHBORS: 641
  iSCC Total electronic   Diff electronic      SCC error    
    1   -0.69666236E+02    0.00000000E+00    0.46509143E+00
    2   -0.69642709E+02    0.23526222E-01    0.50797096E+00
    3   -0.69634802E+02    0.79070139E-02    0.48917323E+00
    4   -0.69756403E+02   -0.12160087E+00    0.65220436E-01
    5   -0.69757653E+02   -0.12492718E-02    0.37189444E-01
    6   -0.69757189E+02    0.46388839E-03    0.43130845E-01
    7   -0.69759611E+02   -0.24218656E-02    0.21075801E-01
    8   -0.69759322E+02    0.28809298E-03    0.41737362E-02
    9   -0.69759116E+02    0.20606412E-03    0.44048797E-02
   10   -0.69759249E+02   -0.13236245E-03    0.75428081E-03
   11   -0.69759221E+02    0.28218081E-04    0.15724616E-03
   12   -0.69759221E+02   -0.34197726E-07    0.77551065E-04
   13   -0.69759221E+02   -0.44361569E-06    0.33940478E-04
   14   -0.69759220E+02    0.12321924E-05    0.12131511E-04
   15   -0.69759220E+02   -0.24299372E-06    0.38087281E-05
scc total               CPU:    30.75       Wall:    35.68
 
 Total Energy:                     -69.7098387158 H
 Total Mermin free energy:         -69.8146361678 H
force total             CPU:     0.81       Wall:     1.08
 Volume:                             0.296525E+05 au^3
 Pressure:                          -0.188927E-04 au    -0.555841E+09 Pa
 Maximal force component:            0.256080E-01
 
Geometry converged
program total           CPU:    32.17       Wall:    37.87
