================================================================================
==
==   DFTB+ (Density Functional Tight Binding and much more)
==
==                          Unofficial release (r4465)
==
==                            (ParserVersion = 4)
==
================================================================================

********************************************************************************
** Parsing and initializing
********************************************************************************

Interpreting input file 'dftb_in.hsd'
--------------------------------------------------------------------------------
Reading SK-files:
  /user/panosetti/data/progs/DFTB/parameters/pbc/pbc-0-3/H-H.skf
  /user/panosetti/data/progs/DFTB/parameters/pbc/pbc-0-3/H-Si.skf
  /user/panosetti/data/progs/DFTB/parameters/pbc/pbc-0-3/Si-H.skf
  /user/panosetti/data/progs/DFTB/parameters/pbc/pbc-0-3/Si-Si.skf
Done.


Processed input in HSD format written to 'dftb_pin.hsd'

Starting initialization...
--------------------------------------------------------------------------------
PGRID:ORBITAL: 1 x 2 x 4
PGRID:ALLPROC: 2 x 4
PGRID:ATOM: 2 x 2
RECLATPOINTS: 8767
Mode:                        Conjugate gradient relaxation
Self consistent charges:     Yes
SCC-tolerance:                 0.100000E-04
Max. scc iterations:                    100
Ewald alpha parameter:         0.500000E+00
Spin polarisation:           No
Nr. of up electrons:           108.500000
Nr. of down electrons:         108.500000
Periodic boundaries:         Yes
Diagonalizer:                Divide and Conquer
Maximal SCC-cycles:                     100
Nr. of moved atoms:                      61
Max. nr. of geometry steps:               0
Force tolerance:               0.100000E-03
Electronic temperature:        0.100000E-01
Initial charges:             Set automatically (system chrg:   0.000E+00)
Included shells:              H:  s
                             Si:  s, p
K-points and weights:           1: -0.333333 -0.333333  0.000000     0.111111
                                2: -0.333333  0.000000  0.000000     0.111111
                                3: -0.333333  0.333333  0.000000     0.111111
                                4:  0.000000 -0.333333  0.000000     0.111111
                                5:  0.000000  0.000000  0.000000     0.111111
                                6:  0.000000  0.333333  0.000000     0.111111
                                7:  0.333333 -0.333333  0.000000     0.111111
                                8:  0.333333  0.000000  0.000000     0.111111
                                9:  0.333333  0.333333  0.000000     0.111111
Extra options:

********************************************************************************
** Geometry step: 0
********************************************************************************

MAXNEIGHBORS: 641
  iSCC Total electronic   Diff electronic      SCC error    
    1   -0.69593315E+02    0.00000000E+00    0.50607417E+00
    2   -0.69585373E+02    0.79419395E-02    0.34602940E+00
    3   -0.69590962E+02   -0.55887603E-02    0.21507598E+00
    4   -0.69672498E+02   -0.81535956E-01    0.75089376E-01
    5   -0.69675464E+02   -0.29667107E-02    0.31814990E-01
    6   -0.69681000E+02   -0.55353969E-02    0.16303949E-01
    7   -0.69681102E+02   -0.10192248E-03    0.64415476E-02
    8   -0.69680732E+02    0.36999174E-03    0.18682331E-02
    9   -0.69680868E+02   -0.13642915E-03    0.67873634E-03
   10   -0.69680899E+02   -0.30803560E-04    0.39863508E-03
   11   -0.69680873E+02    0.26084016E-04    0.16237575E-03
   12   -0.69680879E+02   -0.64239665E-05    0.55222411E-04
   13   -0.69680879E+02    0.82295713E-07    0.19723201E-04
   14   -0.69680880E+02   -0.41383731E-06    0.90343449E-05
scc total               CPU:    30.46       Wall:    34.49
 
 Total Energy:                     -69.6365273012 H
 Total Mermin free energy:         -69.7520324178 H
force total             CPU:     1.05       Wall:     1.12
 Volume:                             0.296525E+05 au^3
 Pressure:                          -0.926919E-05 au    -0.272709E+09 Pa
 Maximal force component:            0.213600E-01
 
Geometry converged
program total           CPU:    32.40       Wall:    36.74
