================================================================================
==
==   DFTB+ (Density Functional Tight Binding and much more)
==
==                          Unofficial release (r4465)
==
==                            (ParserVersion = 4)
==
================================================================================

********************************************************************************
** Parsing and initializing
********************************************************************************

Interpreting input file 'dftb_in.hsd'
--------------------------------------------------------------------------------
Reading SK-files:
  /user/panosetti/data/progs/DFTB/parameters/pbc/pbc-0-3/H-H.skf
  /user/panosetti/data/progs/DFTB/parameters/pbc/pbc-0-3/H-Si.skf
  /user/panosetti/data/progs/DFTB/parameters/pbc/pbc-0-3/Si-H.skf
  /user/panosetti/data/progs/DFTB/parameters/pbc/pbc-0-3/Si-Si.skf
Done.


Processed input in HSD format written to 'dftb_pin.hsd'

Starting initialization...
--------------------------------------------------------------------------------
PGRID:ORBITAL: 1 x 2 x 4
PGRID:ALLPROC: 2 x 4
PGRID:ATOM: 2 x 2
RECLATPOINTS: 8767
Mode:                        Conjugate gradient relaxation
Self consistent charges:     Yes
SCC-tolerance:                 0.100000E-04
Max. scc iterations:                    100
Ewald alpha parameter:         0.500000E+00
Spin polarisation:           No
Nr. of up electrons:           108.500000
Nr. of down electrons:         108.500000
Periodic boundaries:         Yes
Diagonalizer:                Divide and Conquer
Maximal SCC-cycles:                     100
Nr. of moved atoms:                      61
Max. nr. of geometry steps:               0
Force tolerance:               0.100000E-03
Electronic temperature:        0.100000E-01
Initial charges:             Set automatically (system chrg:   0.000E+00)
Included shells:              H:  s
                             Si:  s, p
K-points and weights:           1: -0.333333 -0.333333  0.000000     0.111111
                                2: -0.333333  0.000000  0.000000     0.111111
                                3: -0.333333  0.333333  0.000000     0.111111
                                4:  0.000000 -0.333333  0.000000     0.111111
                                5:  0.000000  0.000000  0.000000     0.111111
                                6:  0.000000  0.333333  0.000000     0.111111
                                7:  0.333333 -0.333333  0.000000     0.111111
                                8:  0.333333  0.000000  0.000000     0.111111
                                9:  0.333333  0.333333  0.000000     0.111111
Extra options:

********************************************************************************
** Geometry step: 0
********************************************************************************

MAXNEIGHBORS: 641
  iSCC Total electronic   Diff electronic      SCC error    
    1   -0.69383120E+02    0.00000000E+00    0.46279007E+00
    2   -0.69353911E+02    0.29209498E-01    0.29781190E+00
    3   -0.69035604E+02    0.31830652E+00    0.34648139E+00
    4   -0.69453111E+02   -0.41750610E+00    0.10085133E+00
    5   -0.69460152E+02   -0.70413141E-02    0.28612584E-01
    6   -0.69461882E+02   -0.17300617E-02    0.20983304E-01
    7   -0.69461406E+02    0.47622776E-03    0.65134210E-02
    8   -0.69461539E+02   -0.13298810E-03    0.24986537E-02
    9   -0.69461737E+02   -0.19851623E-03    0.11801459E-02
   10   -0.69461685E+02    0.52171731E-04    0.43939796E-03
   11   -0.69461676E+02    0.89447511E-05    0.15389992E-03
   12   -0.69461676E+02    0.11973243E-06    0.71118169E-04
   13   -0.69461678E+02   -0.15474487E-05    0.28186579E-04
   14   -0.69461678E+02   -0.52658525E-06    0.89507239E-05
scc total               CPU:    32.66       Wall:    37.63
 
 Total Energy:                     -69.4144001062 H
 Total Mermin free energy:         -69.5578031430 H
force total             CPU:     1.30       Wall:     1.35
 Volume:                             0.296525E+05 au^3
 Pressure:                          -0.104598E-04 au    -0.307739E+09 Pa
 Maximal force component:            0.243008E-01
 
Geometry converged
program total           CPU:    34.67       Wall:    40.16
