================================================================================
==
==   DFTB+ (Density Functional Tight Binding and much more)
==
==                          Unofficial release (r4465)
==
==                            (ParserVersion = 4)
==
================================================================================

********************************************************************************
** Parsing and initializing
********************************************************************************

Interpreting input file 'dftb_in.hsd'
--------------------------------------------------------------------------------
Reading SK-files:
  /user/panosetti/data/progs/DFTB/parameters/pbc/pbc-0-3/H-H.skf
  /user/panosetti/data/progs/DFTB/parameters/pbc/pbc-0-3/H-Si.skf
  /user/panosetti/data/progs/DFTB/parameters/pbc/pbc-0-3/Si-H.skf
  /user/panosetti/data/progs/DFTB/parameters/pbc/pbc-0-3/Si-Si.skf
Done.


Processed input in HSD format written to 'dftb_pin.hsd'

Starting initialization...
--------------------------------------------------------------------------------
PGRID:ORBITAL: 1 x 2 x 4
PGRID:ALLPROC: 2 x 4
PGRID:ATOM: 2 x 4
RECLATPOINTS: 34
 
WARNING!
-> Automatic Ewald parameter quite small, possibly resulting in
-> very long neighbor lists! You should consider to set the
-> Ewald parameter by hand.
 
Mode:                        Conjugate gradient relaxation
Self consistent charges:     Yes
SCC-tolerance:                 0.100000E-04
Max. scc iterations:                    100
Ewald alpha parameter:         0.498074E-01
Spin polarisation:           No
Nr. of up electrons:           312.500000
Nr. of down electrons:         312.500000
Periodic boundaries:         Yes
Diagonalizer:                Divide and Conquer
Maximal SCC-cycles:                     100
Nr. of moved atoms:                     175
Max. nr. of geometry steps:               0
Force tolerance:               0.100000E-03
Electronic temperature:        0.100000E-03
Initial charges:             Set automatically (system chrg:   0.000E+00)
Included shells:              H:  s
                             Si:  s, p
K-points and weights:           1: -0.333333 -0.333333  0.000000     0.111111
                                2: -0.333333  0.000000  0.000000     0.111111
                                3: -0.333333  0.333333  0.000000     0.111111
                                4:  0.000000 -0.333333  0.000000     0.111111
                                5:  0.000000  0.000000  0.000000     0.111111
                                6:  0.000000  0.333333  0.000000     0.111111
                                7:  0.333333 -0.333333  0.000000     0.111111
                                8:  0.333333  0.000000  0.000000     0.111111
                                9:  0.333333  0.333333  0.000000     0.111111
Extra options:

********************************************************************************
** Geometry step: 0
********************************************************************************

MAXNEIGHBORS: 5121
  iSCC Total electronic   Diff electronic      SCC error    
    1   -0.20162495E+03    0.00000000E+00    0.68213102E+00
    2   -0.20173708E+03   -0.11213478E+00    0.32169510E+00
    3   -0.20173906E+03   -0.19774419E-02    0.18592487E+00
    4   -0.20174792E+03   -0.88632877E-02    0.72726505E-01
    5   -0.20176634E+03   -0.18417415E-01    0.39418936E-01
    6   -0.20177343E+03   -0.70849636E-02    0.12013794E-01
    7   -0.20177410E+03   -0.67495746E-03    0.78383122E-02
    8   -0.20177402E+03    0.85875865E-04    0.10235632E-01
    9   -0.20177412E+03   -0.10632666E-03    0.59278397E-02
   10   -0.20177420E+03   -0.73254915E-04    0.10915878E-02
   11   -0.20177420E+03   -0.14332429E-05    0.73913711E-03
   12   -0.20177420E+03    0.96377079E-07    0.51525094E-03
   13   -0.20177420E+03   -0.19086545E-06    0.55655991E-03
   14   -0.20177420E+03   -0.29383079E-06    0.40846431E-03
   15   -0.20177420E+03   -0.16659143E-06    0.34867788E-04
   16   -0.20177420E+03   -0.19987567E-08    0.12272823E-04
   17   -0.20177420E+03    0.12162502E-08    0.59356786E-05
scc total               CPU:    45.59       Wall:    53.92
 
 Total Energy:                    -201.6328793410 H
 Total Mermin free energy:        -201.6329860768 H
force total             CPU:     0.37       Wall:     0.52
 Volume:                             0.823680E+05 au^3
 Pressure:                          -0.198895E-04 au    -0.585168E+09 Pa
 Maximal force component:            0.164341E-01
 
Geometry converged
program total           CPU:    46.19       Wall:    54.85
