================================================================================
==
==   DFTB+ (Density Functional Tight Binding and much more)
==
==                          Unofficial release (r4465)
==
==                            (ParserVersion = 4)
==
================================================================================

********************************************************************************
** Parsing and initializing
********************************************************************************

Interpreting input file 'dftb_in.hsd'
--------------------------------------------------------------------------------
Reading SK-files:
  /user/panosetti/data/progs/DFTB/parameters/pbc/pbc-0-3/H-H.skf
  /user/panosetti/data/progs/DFTB/parameters/pbc/pbc-0-3/H-Si.skf
  /user/panosetti/data/progs/DFTB/parameters/pbc/pbc-0-3/Si-H.skf
  /user/panosetti/data/progs/DFTB/parameters/pbc/pbc-0-3/Si-Si.skf
Done.


Processed input in HSD format written to 'dftb_pin.hsd'

Starting initialization...
--------------------------------------------------------------------------------
PGRID:ORBITAL: 1 x 2 x 4
PGRID:ALLPROC: 2 x 4
PGRID:ATOM: 2 x 4
RECLATPOINTS: 457
Mode:                        Conjugate gradient relaxation
Self consistent charges:     Yes
SCC-tolerance:                 0.100000E-04
Max. scc iterations:                    100
Ewald alpha parameter:         0.100000E+00
Spin polarisation:           No
Nr. of up electrons:           612.500000
Nr. of down electrons:         612.500000
Periodic boundaries:         Yes
Diagonalizer:                Divide and Conquer
Maximal SCC-cycles:                     100
Nr. of moved atoms:                     343
Max. nr. of geometry steps:               0
Force tolerance:               0.100000E-03
Electronic temperature:        0.360000E-02
Initial charges:             Set automatically (system chrg:   0.000E+00)
Included shells:              H:  s
                             Si:  s, p
K-points and weights:           1:  0.000000  0.000000  0.000000     1.000000
Extra options:

********************************************************************************
** Geometry step: 0
********************************************************************************

MAXNEIGHBORS: 1281
  iSCC Total electronic   Diff electronic      SCC error    
    1   -0.39411554E+03    0.00000000E+00    0.25080242E+00
    2   -0.39451899E+03   -0.40345242E+00    0.77888491E-01
    3   -0.39510004E+03   -0.58105205E+00    0.82238478E-01
    4   -0.39514241E+03   -0.42364549E-01    0.35521023E-01
    5   -0.39410023E+03    0.10421718E+01    0.39212617E+00
    6   -0.39515933E+03   -0.10590944E+01    0.13745546E-01
    7   -0.39513962E+03    0.19712210E-01    0.61101484E-01
    8   -0.39512217E+03    0.17447516E-01    0.85951111E-01
    9   -0.39516072E+03   -0.38552172E-01    0.80399295E-02
   10   -0.39516076E+03   -0.34571640E-04    0.68573765E-02
   11   -0.39515974E+03    0.10156114E-02    0.11310829E-01
   12   -0.39516028E+03   -0.53748633E-03    0.76515719E-02
   13   -0.39516057E+03   -0.29681977E-03    0.32971746E-02
   14   -0.39516060E+03   -0.26923487E-04    0.38242600E-02
   15   -0.39516065E+03   -0.47269121E-04    0.19152310E-02
   16   -0.39516066E+03   -0.91422896E-05    0.15977356E-02
   17   -0.39516068E+03   -0.19740182E-04    0.33785424E-03
   18   -0.39516068E+03   -0.29477812E-05    0.25643047E-03
   19   -0.39516068E+03   -0.33789635E-05    0.59736478E-04
   20   -0.39516068E+03    0.79573698E-06    0.22796430E-03
   21   -0.39516068E+03    0.45566406E-06    0.44020479E-04
   22   -0.39516068E+03    0.84580512E-06    0.24277305E-04
   23   -0.39516068E+03    0.53012985E-06    0.86286788E-06
scc total               CPU:    16.69       Wall:    17.26
 
 Total Energy:                    -394.8295792938 H
 Total Mermin free energy:        -395.0304806402 H
force total             CPU:     0.77       Wall:     0.79
 Volume:                             0.161441E+06 au^3
 Pressure:                          -0.236434E-05 au    -0.695613E+08 Pa
 Maximal force component:            0.448504E-02
 
Geometry converged
program total           CPU:    17.77       Wall:    18.41
