================================================================================
==
==   DFTB+ (Density Functional Tight Binding and much more)
==
==                          Unofficial release (r4465)
==
==                            (ParserVersion = 4)
==
================================================================================

********************************************************************************
** Parsing and initializing
********************************************************************************

Interpreting input file 'dftb_in.hsd'
--------------------------------------------------------------------------------
Reading SK-files:
  /user/panosetti/data/progs/DFTB/parameters/pbc/pbc-0-3/H-H.skf
  /user/panosetti/data/progs/DFTB/parameters/pbc/pbc-0-3/H-Si.skf
  /user/panosetti/data/progs/DFTB/parameters/pbc/pbc-0-3/Si-H.skf
  /user/panosetti/data/progs/DFTB/parameters/pbc/pbc-0-3/Si-Si.skf
Done.


Processed input in HSD format written to 'dftb_pin.hsd'

Starting initialization...
--------------------------------------------------------------------------------
PGRID:ORBITAL: 1 x 2 x 4
PGRID:ALLPROC: 2 x 4
PGRID:ATOM: 2 x 2
RECLATPOINTS: 8767
Mode:                        Conjugate gradient relaxation
Self consistent charges:     Yes
SCC-tolerance:                 0.100000E-04
Max. scc iterations:                    100
Ewald alpha parameter:         0.500000E+00
Spin polarisation:           No
Nr. of up electrons:           108.500000
Nr. of down electrons:         108.500000
Periodic boundaries:         Yes
Diagonalizer:                Divide and Conquer
Maximal SCC-cycles:                     100
Nr. of moved atoms:                      61
Max. nr. of geometry steps:               0
Force tolerance:               0.100000E-03
Electronic temperature:        0.100000E-01
Initial charges:             Set automatically (system chrg:   0.000E+00)
Included shells:              H:  s
                             Si:  s, p
K-points and weights:           1: -0.333333 -0.333333  0.000000     0.111111
                                2: -0.333333  0.000000  0.000000     0.111111
                                3: -0.333333  0.333333  0.000000     0.111111
                                4:  0.000000 -0.333333  0.000000     0.111111
                                5:  0.000000  0.000000  0.000000     0.111111
                                6:  0.000000  0.333333  0.000000     0.111111
                                7:  0.333333 -0.333333  0.000000     0.111111
                                8:  0.333333  0.000000  0.000000     0.111111
                                9:  0.333333  0.333333  0.000000     0.111111
Extra options:

********************************************************************************
** Geometry step: 0
********************************************************************************

MAXNEIGHBORS: 641
  iSCC Total electronic   Diff electronic      SCC error    
    1   -0.69778871E+02    0.00000000E+00    0.53129644E+00
    2   -0.69803584E+02   -0.24712634E-01    0.24269700E+00
    3   -0.69737392E+02    0.66191419E-01    0.15507834E+00
    4   -0.69812453E+02   -0.75060825E-01    0.58181103E-01
    5   -0.69812619E+02   -0.16615079E-03    0.20805716E-01
    6   -0.69814192E+02   -0.15731269E-02    0.79039475E-02
    7   -0.69814267E+02   -0.74712243E-04    0.28662081E-02
    8   -0.69814166E+02    0.10092072E-03    0.10576155E-02
    9   -0.69814173E+02   -0.70911197E-05    0.52830459E-03
   10   -0.69814213E+02   -0.40126103E-04    0.39593503E-03
   11   -0.69814196E+02    0.16852837E-04    0.78869837E-04
   12   -0.69814188E+02    0.89049504E-05    0.57605578E-04
   13   -0.69814191E+02   -0.38161916E-05    0.11352303E-04
   14   -0.69814192E+02   -0.22443555E-06    0.63168971E-05
scc total               CPU:    26.50       Wall:    31.09
 
 Total Energy:                     -69.7726615731 H
 Total Mermin free energy:         -69.8702285765 H
force total             CPU:     1.01       Wall:     1.18
 Volume:                             0.296525E+05 au^3
 Pressure:                          -0.208736E-04 au    -0.614123E+09 Pa
 Maximal force component:            0.171308E-01
 
Geometry converged
program total           CPU:    28.22       Wall:    33.29
