================================================================================
==
==   DFTB+ (Density Functional Tight Binding and much more)
==
==                          Unofficial release (r4465)
==
==                            (ParserVersion = 4)
==
================================================================================

********************************************************************************
** Parsing and initializing
********************************************************************************

Interpreting input file 'dftb_in.hsd'
--------------------------------------------------------------------------------
Reading SK-files:
  /user/panosetti/data/progs/DFTB/parameters/pbc/pbc-0-3/H-H.skf
  /user/panosetti/data/progs/DFTB/parameters/pbc/pbc-0-3/H-Si.skf
  /user/panosetti/data/progs/DFTB/parameters/pbc/pbc-0-3/Si-H.skf
  /user/panosetti/data/progs/DFTB/parameters/pbc/pbc-0-3/Si-Si.skf
Done.


Processed input in HSD format written to 'dftb_pin.hsd'

Starting initialization...
--------------------------------------------------------------------------------
PGRID:ORBITAL: 1 x 2 x 4
PGRID:ALLPROC: 2 x 4
PGRID:ATOM: 2 x 4
RECLATPOINTS: 232
Mode:                        Conjugate gradient relaxation
Self consistent charges:     Yes
SCC-tolerance:                 0.100000E-04
Max. scc iterations:                    100
Ewald alpha parameter:         0.100000E+00
Spin polarisation:           No
Nr. of up electrons:           312.500000
Nr. of down electrons:         312.500000
Periodic boundaries:         Yes
Diagonalizer:                Divide and Conquer
Maximal SCC-cycles:                     100
Nr. of moved atoms:                     175
Max. nr. of geometry steps:               0
Force tolerance:               0.100000E-03
Electronic temperature:        0.100000E-02
Initial charges:             Set automatically (system chrg:   0.000E+00)
Included shells:              H:  s
                             Si:  s, p
K-points and weights:           1: -0.333333 -0.333333  0.000000     0.111111
                                2: -0.333333  0.000000  0.000000     0.111111
                                3: -0.333333  0.333333  0.000000     0.111111
                                4:  0.000000 -0.333333  0.000000     0.111111
                                5:  0.000000  0.000000  0.000000     0.111111
                                6:  0.000000  0.333333  0.000000     0.111111
                                7:  0.333333 -0.333333  0.000000     0.111111
                                8:  0.333333  0.000000  0.000000     0.111111
                                9:  0.333333  0.333333  0.000000     0.111111
Extra options:

********************************************************************************
** Geometry step: 0
********************************************************************************

MAXNEIGHBORS: 1281
  iSCC Total electronic   Diff electronic      SCC error    
    1   -0.20162506E+03    0.00000000E+00    0.68375946E+00
    2   -0.20173473E+03   -0.10967208E+00    0.32378450E+00
    3   -0.20173358E+03    0.11490454E-02    0.17229461E+00
    4   -0.20174355E+03   -0.99644143E-02    0.76274701E-01
    5   -0.20176446E+03   -0.20916779E-01    0.42277686E-01
    6   -0.20177206E+03   -0.75960640E-02    0.20779392E-01
    7   -0.20177287E+03   -0.81587384E-03    0.15796583E-01
    8   -0.20177309E+03   -0.21389471E-03    0.38916716E-02
    9   -0.20177308E+03    0.38786632E-05    0.24975617E-02
   10   -0.20177310E+03   -0.13370145E-04    0.25151078E-02
   11   -0.20177311E+03   -0.12976606E-04    0.16625128E-02
   12   -0.20177311E+03    0.20860303E-05    0.22617553E-03
   13   -0.20177311E+03   -0.29414133E-06    0.17134789E-03
   14   -0.20177311E+03    0.37780572E-06    0.10757780E-03
   15   -0.20177311E+03    0.21752595E-06    0.34660841E-04
   16   -0.20177311E+03    0.77130551E-08    0.30028532E-04
   17   -0.20177311E+03   -0.23018714E-07    0.16605431E-04
   18   -0.20177311E+03   -0.31106850E-07    0.43912492E-05
scc total               CPU:    39.82       Wall:    42.44
 
 Total Energy:                    -201.6318571250 H
 Total Mermin free energy:        -201.6347912559 H
force total             CPU:     0.40       Wall:     0.42
 Volume:                             0.823680E+05 au^3
 Pressure:                          -0.198566E-04 au    -0.584200E+09 Pa
 Maximal force component:            0.163980E-01
 
Geometry converged
program total           CPU:    40.36       Wall:    43.04
