================================================================================
==
==   DFTB+ (Density Functional Tight Binding and much more)
==
==                          Unofficial release (r4465)
==
==                            (ParserVersion = 4)
==
================================================================================

********************************************************************************
** Parsing and initializing
********************************************************************************

Interpreting input file 'dftb_in.hsd'
--------------------------------------------------------------------------------
Reading SK-files:
  /user/panosetti/data/progs/DFTB/parameters/pbc/pbc-0-3/H-H.skf
  /user/panosetti/data/progs/DFTB/parameters/pbc/pbc-0-3/H-Si.skf
  /user/panosetti/data/progs/DFTB/parameters/pbc/pbc-0-3/Si-H.skf
  /user/panosetti/data/progs/DFTB/parameters/pbc/pbc-0-3/Si-Si.skf
Done.


Processed input in HSD format written to 'dftb_pin.hsd'

Starting initialization...
--------------------------------------------------------------------------------
PGRID:ORBITAL: 1 x 2 x 4
PGRID:ALLPROC: 2 x 4
PGRID:ATOM: 2 x 4
RECLATPOINTS: 232
Mode:                        Conjugate gradient relaxation
Self consistent charges:     Yes
SCC-tolerance:                 0.100000E-04
Max. scc iterations:                    100
Ewald alpha parameter:         0.100000E+00
Spin polarisation:           No
Nr. of up electrons:           312.500000
Nr. of down electrons:         312.500000
Periodic boundaries:         Yes
Diagonalizer:                Divide and Conquer
Maximal SCC-cycles:                     100
Nr. of moved atoms:                     175
Max. nr. of geometry steps:               0
Force tolerance:               0.100000E-03
Electronic temperature:        0.100000E-03
Initial charges:             Set automatically (system chrg:   0.000E+00)
Included shells:              H:  s
                             Si:  s, p
K-points and weights:           1: -0.400000 -0.400000  0.000000     0.040000
                                2: -0.400000 -0.200000  0.000000     0.040000
                                3:  0.000000 -0.400000  0.000000     0.040000
                                4:  0.000000 -0.200000  0.000000     0.040000
                                5:  0.000000  0.000000  0.000000     0.040000
                                6:  0.000000  0.200000  0.000000     0.040000
                                7:  0.000000  0.400000  0.000000     0.040000
                                8:  0.200000 -0.400000  0.000000     0.040000
                                9:  0.200000 -0.200000  0.000000     0.040000
                               10:  0.200000  0.000000  0.000000     0.040000
                               11:  0.200000  0.200000  0.000000     0.040000
                               12:  0.200000  0.400000  0.000000     0.040000
                               13: -0.400000  0.000000  0.000000     0.040000
                               14:  0.400000 -0.400000  0.000000     0.040000
                               15:  0.400000 -0.200000  0.000000     0.040000
                               16:  0.400000  0.000000  0.000000     0.040000
                               17:  0.400000  0.200000  0.000000     0.040000
                               18:  0.400000  0.400000  0.000000     0.040000
                               19: -0.400000  0.200000  0.000000     0.040000
                               20: -0.400000  0.400000  0.000000     0.040000
                               21: -0.200000 -0.400000  0.000000     0.040000
                               22: -0.200000 -0.200000  0.000000     0.040000
                               23: -0.200000  0.000000  0.000000     0.040000
                               24: -0.200000  0.200000  0.000000     0.040000
                               25: -0.200000  0.400000  0.000000     0.040000
Extra options:

********************************************************************************
** Geometry step: 0
********************************************************************************

MAXNEIGHBORS: 1281
  iSCC Total electronic   Diff electronic      SCC error    
    1   -0.20162445E+03    0.00000000E+00    0.68211039E+00
    2   -0.20173631E+03   -0.11185459E+00    0.32143564E+00
    3   -0.20173796E+03   -0.16471041E-02    0.18693384E+00
    4   -0.20174743E+03   -0.94792801E-02    0.73124832E-01
    5   -0.20176639E+03   -0.18958239E-01    0.39690645E-01
    6   -0.20177343E+03   -0.70385235E-02    0.11935631E-01
    7   -0.20177410E+03   -0.66607860E-03    0.79295414E-02
    8   -0.20177401E+03    0.89995940E-04    0.10665614E-01
    9   -0.20177412E+03   -0.11626580E-03    0.55401101E-02
   10   -0.20177419E+03   -0.69047862E-04    0.11002216E-02
   11   -0.20177419E+03   -0.12109600E-05    0.78513347E-03
   12   -0.20177419E+03   -0.41931713E-07    0.56845416E-03
   13   -0.20177419E+03   -0.94544816E-09    0.67444246E-03
   14   -0.20177419E+03   -0.62019302E-06    0.33214454E-03
   15   -0.20177419E+03   -0.10435224E-06    0.35743709E-04
   16   -0.20177419E+03   -0.35922483E-08    0.11984646E-04
   17   -0.20177419E+03    0.20602045E-08    0.73164201E-05
scc total               CPU:   105.25       Wall:   106.74
 
 Total Energy:                    -201.6328766657 H
 Total Mermin free energy:        -201.6329809628 H
force total             CPU:     0.56       Wall:     0.57
 Volume:                             0.823680E+05 au^3
 Pressure:                          -0.198890E-04 au    -0.585156E+09 Pa
 Maximal force component:            0.164324E-01
 
Geometry converged
program total           CPU:   105.93       Wall:   107.52
