================================================================================
==
==   DFTB+ (Density Functional Tight Binding and much more)
==
==                          Unofficial release (r4465)
==
==                            (ParserVersion = 4)
==
================================================================================

********************************************************************************
** Parsing and initializing
********************************************************************************

Interpreting input file 'dftb_in.hsd'
--------------------------------------------------------------------------------
Reading SK-files:
  /user/panosetti/data/progs/DFTB/parameters/pbc/pbc-0-3/H-H.skf
  /user/panosetti/data/progs/DFTB/parameters/pbc/pbc-0-3/H-Si.skf
  /user/panosetti/data/progs/DFTB/parameters/pbc/pbc-0-3/Si-H.skf
  /user/panosetti/data/progs/DFTB/parameters/pbc/pbc-0-3/Si-Si.skf
Done.


Processed input in HSD format written to 'dftb_pin.hsd'

Starting initialization...
--------------------------------------------------------------------------------
PGRID:ORBITAL: 1 x 2 x 4
PGRID:ALLPROC: 2 x 4
PGRID:ATOM: 2 x 2
RECLATPOINTS: 8767
Mode:                        Conjugate gradient relaxation
Self consistent charges:     Yes
SCC-tolerance:                 0.100000E-04
Max. scc iterations:                    100
Ewald alpha parameter:         0.500000E+00
Spin polarisation:           No
Nr. of up electrons:           108.500000
Nr. of down electrons:         108.500000
Periodic boundaries:         Yes
Diagonalizer:                Divide and Conquer
Maximal SCC-cycles:                     100
Nr. of moved atoms:                      61
Max. nr. of geometry steps:               0
Force tolerance:               0.100000E-03
Electronic temperature:        0.100000E-01
Initial charges:             Set automatically (system chrg:   0.000E+00)
Included shells:              H:  s
                             Si:  s, p
K-points and weights:           1: -0.333333 -0.333333  0.000000     0.111111
                                2: -0.333333  0.000000  0.000000     0.111111
                                3: -0.333333  0.333333  0.000000     0.111111
                                4:  0.000000 -0.333333  0.000000     0.111111
                                5:  0.000000  0.000000  0.000000     0.111111
                                6:  0.000000  0.333333  0.000000     0.111111
                                7:  0.333333 -0.333333  0.000000     0.111111
                                8:  0.333333  0.000000  0.000000     0.111111
                                9:  0.333333  0.333333  0.000000     0.111111
Extra options:

********************************************************************************
** Geometry step: 0
********************************************************************************

MAXNEIGHBORS: 641
  iSCC Total electronic   Diff electronic      SCC error    
    1   -0.69023912E+02    0.00000000E+00    0.35920414E+00
    2   -0.67631651E+02    0.13922615E+01    0.89921275E+00
    3   -0.69253553E+02   -0.16219027E+01    0.35326894E+00
    4   -0.69308541E+02   -0.54987294E-01    0.10044005E+00
    5   -0.69344561E+02   -0.36020720E-01    0.57438280E-01
    6   -0.69348364E+02   -0.38029195E-02    0.25577773E-01
    7   -0.69350052E+02   -0.16873881E-02    0.10439650E-01
    8   -0.69349977E+02    0.74459219E-04    0.37002364E-02
    9   -0.69350097E+02   -0.11939217E-03    0.12026047E-02
   10   -0.69350096E+02    0.75339312E-06    0.46809748E-03
   11   -0.69350095E+02    0.12383750E-05    0.24292895E-03
   12   -0.69350098E+02   -0.31311167E-05    0.88955715E-04
   13   -0.69350098E+02    0.91671382E-07    0.20249285E-04
   14   -0.69350098E+02   -0.27061233E-06    0.93205156E-05
scc total               CPU:    35.39       Wall:    41.02
 
 Total Energy:                     -69.3109239368 H
 Total Mermin free energy:         -69.4569956732 H
force total             CPU:     1.07       Wall:     1.12
 Volume:                             0.296525E+05 au^3
 Pressure:                          -0.602206E-05 au    -0.177175E+09 Pa
 Maximal force component:            0.261011E-01
 
Geometry converged
program total           CPU:    36.85       Wall:    42.65
