================================================================================
==
==   DFTB+ (Density Functional Tight Binding and much more)
==
==                          Unofficial release (r4465)
==
==                            (ParserVersion = 4)
==
================================================================================

********************************************************************************
** Parsing and initializing
********************************************************************************

Interpreting input file 'dftb_in.hsd'
--------------------------------------------------------------------------------
Reading SK-files:
  /user/panosetti/data/progs/DFTB/parameters/pbc/pbc-0-3/H-H.skf
  /user/panosetti/data/progs/DFTB/parameters/pbc/pbc-0-3/H-Si.skf
  /user/panosetti/data/progs/DFTB/parameters/pbc/pbc-0-3/Si-H.skf
  /user/panosetti/data/progs/DFTB/parameters/pbc/pbc-0-3/Si-Si.skf
Done.


Processed input in HSD format written to 'dftb_pin.hsd'

Starting initialization...
--------------------------------------------------------------------------------
PGRID:ORBITAL: 1 x 2 x 4
PGRID:ALLPROC: 2 x 4
PGRID:ATOM: 2 x 2
RECLATPOINTS: 8767
Mode:                        Conjugate gradient relaxation
Self consistent charges:     Yes
SCC-tolerance:                 0.100000E-04
Max. scc iterations:                    100
Ewald alpha parameter:         0.500000E+00
Spin polarisation:           No
Nr. of up electrons:           108.500000
Nr. of down electrons:         108.500000
Periodic boundaries:         Yes
Diagonalizer:                Divide and Conquer
Maximal SCC-cycles:                     100
Nr. of moved atoms:                      61
Max. nr. of geometry steps:               0
Force tolerance:               0.100000E-03
Electronic temperature:        0.100000E-01
Initial charges:             Set automatically (system chrg:   0.000E+00)
Included shells:              H:  s
                             Si:  s, p
K-points and weights:           1: -0.333333 -0.333333  0.000000     0.111111
                                2: -0.333333  0.000000  0.000000     0.111111
                                3: -0.333333  0.333333  0.000000     0.111111
                                4:  0.000000 -0.333333  0.000000     0.111111
                                5:  0.000000  0.000000  0.000000     0.111111
                                6:  0.000000  0.333333  0.000000     0.111111
                                7:  0.333333 -0.333333  0.000000     0.111111
                                8:  0.333333  0.000000  0.000000     0.111111
                                9:  0.333333  0.333333  0.000000     0.111111
Extra options:

********************************************************************************
** Geometry step: 0
********************************************************************************

MAXNEIGHBORS: 641
  iSCC Total electronic   Diff electronic      SCC error    
    1   -0.69578689E+02    0.00000000E+00    0.50030026E+00
    2   -0.69589682E+02   -0.10993247E-01    0.20810513E+00
    3   -0.69444305E+02    0.14537747E+00    0.31571109E+00
    4   -0.69638310E+02   -0.19400492E+00    0.71504506E-01
    5   -0.69639391E+02   -0.10815691E-02    0.35275185E-01
    6   -0.69644262E+02   -0.48709576E-02    0.18485312E-01
    7   -0.69644206E+02    0.56860426E-04    0.64064682E-02
    8   -0.69643975E+02    0.23032720E-03    0.23434870E-02
    9   -0.69644102E+02   -0.12724536E-03    0.89621468E-03
   10   -0.69644103E+02   -0.52900805E-06    0.47512709E-03
   11   -0.69644069E+02    0.34178553E-04    0.19736265E-03
   12   -0.69644078E+02   -0.91992972E-05    0.61707988E-04
   13   -0.69644080E+02   -0.22533553E-05    0.13978034E-04
   14   -0.69644080E+02    0.41529334E-06    0.75206286E-05
scc total               CPU:    30.53       Wall:    34.84
 
 Total Energy:                     -69.6004994713 H
 Total Mermin free energy:         -69.7294763291 H
force total             CPU:     0.84       Wall:     1.09
 Volume:                             0.296525E+05 au^3
 Pressure:                          -0.130142E-04 au    -0.382891E+09 Pa
 Maximal force component:            0.224995E-01
 
Geometry converged
program total           CPU:    32.12       Wall:    36.92
