================================================================================
==
==   DFTB+ (Density Functional Tight Binding and much more)
==
==                          Unofficial release (r4465)
==
==                            (ParserVersion = 4)
==
================================================================================

********************************************************************************
** Parsing and initializing
********************************************************************************

Interpreting input file 'dftb_in.hsd'
--------------------------------------------------------------------------------
Reading SK-files:
  /user/panosetti/data/progs/DFTB/parameters/pbc/pbc-0-3/H-H.skf
  /user/panosetti/data/progs/DFTB/parameters/pbc/pbc-0-3/H-Si.skf
  /user/panosetti/data/progs/DFTB/parameters/pbc/pbc-0-3/Si-H.skf
  /user/panosetti/data/progs/DFTB/parameters/pbc/pbc-0-3/Si-Si.skf
Done.


Processed input in HSD format written to 'dftb_pin.hsd'

Starting initialization...
--------------------------------------------------------------------------------
PGRID:ORBITAL: 1 x 2 x 4
PGRID:ALLPROC: 2 x 4
PGRID:ATOM: 2 x 2
RECLATPOINTS: 8767
Mode:                        Conjugate gradient relaxation
Self consistent charges:     Yes
SCC-tolerance:                 0.100000E-04
Max. scc iterations:                    100
Ewald alpha parameter:         0.500000E+00
Spin polarisation:           No
Nr. of up electrons:           108.500000
Nr. of down electrons:         108.500000
Periodic boundaries:         Yes
Diagonalizer:                Divide and Conquer
Maximal SCC-cycles:                     100
Nr. of moved atoms:                      61
Max. nr. of geometry steps:               0
Force tolerance:               0.100000E-03
Electronic temperature:        0.100000E-01
Initial charges:             Set automatically (system chrg:   0.000E+00)
Included shells:              H:  s
                             Si:  s, p
K-points and weights:           1: -0.333333 -0.333333  0.000000     0.111111
                                2: -0.333333  0.000000  0.000000     0.111111
                                3: -0.333333  0.333333  0.000000     0.111111
                                4:  0.000000 -0.333333  0.000000     0.111111
                                5:  0.000000  0.000000  0.000000     0.111111
                                6:  0.000000  0.333333  0.000000     0.111111
                                7:  0.333333 -0.333333  0.000000     0.111111
                                8:  0.333333  0.000000  0.000000     0.111111
                                9:  0.333333  0.333333  0.000000     0.111111
Extra options:

********************************************************************************
** Geometry step: 0
********************************************************************************

MAXNEIGHBORS: 641
  iSCC Total electronic   Diff electronic      SCC error    
    1   -0.68673665E+02    0.00000000E+00    0.49057419E+00
    2   -0.65108358E+02    0.35653061E+01    0.15376100E+01
    3   -0.68952368E+02   -0.38440094E+01    0.29526972E+00
    4   -0.69094284E+02   -0.14191655E+00    0.16214377E+00
    5   -0.69102457E+02   -0.81728497E-02    0.60958406E-01
    6   -0.69103585E+02   -0.11273078E-02    0.35799736E-01
    7   -0.69103728E+02   -0.14381842E-03    0.24937368E-01
    8   -0.69102365E+02    0.13638016E-02    0.26014534E-01
    9   -0.69104523E+02   -0.21586464E-02    0.42858925E-02
   10   -0.69104379E+02    0.14438837E-03    0.50165130E-02
   11   -0.69104486E+02   -0.10748591E-03    0.11942073E-02
   12   -0.69104502E+02   -0.15282126E-04    0.66369326E-03
   13   -0.69104490E+02    0.11446032E-04    0.11869318E-03
   14   -0.69104488E+02    0.17868725E-05    0.33487954E-04
   15   -0.69104489E+02   -0.27876710E-06    0.25330646E-04
   16   -0.69104489E+02   -0.21686238E-06    0.10321919E-04
   17   -0.69104489E+02    0.48655679E-07    0.23292487E-05
scc total               CPU:     9.28       Wall:     9.41
 
 Total Energy:                     -69.0548665205 H
 Total Mermin free energy:         -69.2347642180 H
force total             CPU:     1.08       Wall:     1.08
 Volume:                             0.296525E+05 au^3
 Pressure:                          -0.946820E-05 au    -0.278564E+09 Pa
 Maximal force component:            0.177996E-01
 
Geometry converged
program total           CPU:    10.67       Wall:    10.83
