================================================================================
==
==   DFTB+ (Density Functional Tight Binding and much more)
==
==                          Unofficial release (r4465)
==
==                            (ParserVersion = 4)
==
================================================================================

********************************************************************************
** Parsing and initializing
********************************************************************************

Interpreting input file 'dftb_in.hsd'
--------------------------------------------------------------------------------
Reading SK-files:
  /user/panosetti/data/progs/DFTB/parameters/pbc/pbc-0-3/H-H.skf
  /user/panosetti/data/progs/DFTB/parameters/pbc/pbc-0-3/H-Si.skf
  /user/panosetti/data/progs/DFTB/parameters/pbc/pbc-0-3/Si-H.skf
  /user/panosetti/data/progs/DFTB/parameters/pbc/pbc-0-3/Si-Si.skf
Done.


Processed input in HSD format written to 'dftb_pin.hsd'

Starting initialization...
--------------------------------------------------------------------------------
PGRID:ORBITAL: 1 x 2 x 4
PGRID:ALLPROC: 2 x 4
PGRID:ATOM: 2 x 2
RECLATPOINTS: 8767
Mode:                        Conjugate gradient relaxation
Self consistent charges:     Yes
SCC-tolerance:                 0.100000E-04
Max. scc iterations:                    100
Ewald alpha parameter:         0.500000E+00
Spin polarisation:           No
Nr. of up electrons:           108.500000
Nr. of down electrons:         108.500000
Periodic boundaries:         Yes
Diagonalizer:                Divide and Conquer
Maximal SCC-cycles:                     100
Nr. of moved atoms:                      61
Max. nr. of geometry steps:               0
Force tolerance:               0.100000E-03
Electronic temperature:        0.100000E-01
Initial charges:             Set automatically (system chrg:   0.000E+00)
Included shells:              H:  s
                             Si:  s, p
K-points and weights:           1: -0.333333 -0.333333  0.000000     0.111111
                                2: -0.333333  0.000000  0.000000     0.111111
                                3: -0.333333  0.333333  0.000000     0.111111
                                4:  0.000000 -0.333333  0.000000     0.111111
                                5:  0.000000  0.000000  0.000000     0.111111
                                6:  0.000000  0.333333  0.000000     0.111111
                                7:  0.333333 -0.333333  0.000000     0.111111
                                8:  0.333333  0.000000  0.000000     0.111111
                                9:  0.333333  0.333333  0.000000     0.111111
Extra options:

********************************************************************************
** Geometry step: 0
********************************************************************************

MAXNEIGHBORS: 641
  iSCC Total electronic   Diff electronic      SCC error    
    1   -0.69576715E+02    0.00000000E+00    0.39196026E+00
    2   -0.69566934E+02    0.97810899E-02    0.20441230E+00
    3   -0.69557803E+02    0.91315724E-02    0.23784800E+00
    4   -0.69644163E+02   -0.86360607E-01    0.59931565E-01
    5   -0.69647622E+02   -0.34589071E-02    0.21778438E-01
    6   -0.69650411E+02   -0.27893251E-02    0.11562379E-01
    7   -0.69650312E+02    0.99478848E-04    0.47440710E-02
    8   -0.69650219E+02    0.92752743E-04    0.12378414E-02
    9   -0.69650198E+02    0.21308657E-04    0.55524805E-03
   10   -0.69650207E+02   -0.92364371E-05    0.21130411E-03
   11   -0.69650207E+02    0.29611378E-06    0.59762614E-04
   12   -0.69650209E+02   -0.21510411E-05    0.26780234E-04
   13   -0.69650208E+02    0.13959087E-05    0.82005384E-05
scc total               CPU:    31.35       Wall:    35.06
 
 Total Energy:                     -69.6081351591 H
 Total Mermin free energy:         -69.7247084376 H
force total             CPU:     1.05       Wall:     1.18
 Volume:                             0.296525E+05 au^3
 Pressure:                          -0.156650E-04 au    -0.460880E+09 Pa
 Maximal force component:            0.179954E-01
 
Geometry converged
program total           CPU:    32.76       Wall:    36.81
