================================================================================
==
==   DFTB+ (Density Functional Tight Binding and much more)
==
==                          Unofficial release (r4465)
==
==                            (ParserVersion = 4)
==
================================================================================

********************************************************************************
** Parsing and initializing
********************************************************************************

Interpreting input file 'dftb_in.hsd'
--------------------------------------------------------------------------------
Reading SK-files:
  /user/panosetti/data/progs/DFTB/parameters/pbc/pbc-0-3/H-H.skf
  /user/panosetti/data/progs/DFTB/parameters/pbc/pbc-0-3/H-Si.skf
  /user/panosetti/data/progs/DFTB/parameters/pbc/pbc-0-3/Si-H.skf
  /user/panosetti/data/progs/DFTB/parameters/pbc/pbc-0-3/Si-Si.skf
Done.


Processed input in HSD format written to 'dftb_pin.hsd'

Starting initialization...
--------------------------------------------------------------------------------
PGRID:ORBITAL: 1 x 2 x 4
PGRID:ALLPROC: 2 x 4
PGRID:ATOM: 2 x 2
RECLATPOINTS: 8767
Mode:                        Conjugate gradient relaxation
Self consistent charges:     Yes
SCC-tolerance:                 0.100000E-04
Max. scc iterations:                    100
Ewald alpha parameter:         0.500000E+00
Spin polarisation:           No
Nr. of up electrons:           108.500000
Nr. of down electrons:         108.500000
Periodic boundaries:         Yes
Diagonalizer:                Divide and Conquer
Maximal SCC-cycles:                     100
Nr. of moved atoms:                      61
Max. nr. of geometry steps:               0
Force tolerance:               0.100000E-03
Electronic temperature:        0.100000E-01
Initial charges:             Set automatically (system chrg:   0.000E+00)
Included shells:              H:  s
                             Si:  s, p
K-points and weights:           1: -0.333333 -0.333333  0.000000     0.111111
                                2: -0.333333  0.000000  0.000000     0.111111
                                3: -0.333333  0.333333  0.000000     0.111111
                                4:  0.000000 -0.333333  0.000000     0.111111
                                5:  0.000000  0.000000  0.000000     0.111111
                                6:  0.000000  0.333333  0.000000     0.111111
                                7:  0.333333 -0.333333  0.000000     0.111111
                                8:  0.333333  0.000000  0.000000     0.111111
                                9:  0.333333  0.333333  0.000000     0.111111
Extra options:

********************************************************************************
** Geometry step: 0
********************************************************************************

MAXNEIGHBORS: 641
  iSCC Total electronic   Diff electronic      SCC error    
    1   -0.69450264E+02    0.00000000E+00    0.47149235E+00
    2   -0.69462122E+02   -0.11858236E-01    0.21481700E+00
    3   -0.69025524E+02    0.43659795E+00    0.35356327E+00
    4   -0.69516706E+02   -0.49118168E+00    0.71150138E-01
    5   -0.69519835E+02   -0.31287480E-02    0.29673166E-01
    6   -0.69521345E+02   -0.15100485E-02    0.20651498E-01
    7   -0.69521456E+02   -0.11136614E-03    0.71029381E-02
    8   -0.69521173E+02    0.28344168E-03    0.23006768E-02
    9   -0.69521258E+02   -0.85260944E-04    0.83642590E-03
   10   -0.69521285E+02   -0.27299555E-04    0.59845461E-03
   11   -0.69521245E+02    0.40545001E-04    0.26075266E-03
   12   -0.69521251E+02   -0.65497784E-05    0.94043591E-04
   13   -0.69521255E+02   -0.35264477E-05    0.28227170E-04
   14   -0.69521255E+02   -0.39817134E-06    0.79458798E-05
scc total               CPU:    26.86       Wall:    31.10
 
 Total Energy:                     -69.4798757583 H
 Total Mermin free energy:         -69.6231558492 H
force total             CPU:     0.93       Wall:     1.06
 Volume:                             0.296525E+05 au^3
 Pressure:                          -0.859250E-05 au    -0.252800E+09 Pa
 Maximal force component:            0.188682E-01
 
Geometry converged
program total           CPU:    28.33       Wall:    32.87
