================================================================================
==
==   DFTB+ (Density Functional Tight Binding and much more)
==
==                          Unofficial release (r4465)
==
==                            (ParserVersion = 4)
==
================================================================================

********************************************************************************
** Parsing and initializing
********************************************************************************

Interpreting input file 'dftb_in.hsd'
--------------------------------------------------------------------------------
Reading SK-files:
  /user/panosetti/data/progs/DFTB/parameters/pbc/pbc-0-3/H-H.skf
  /user/panosetti/data/progs/DFTB/parameters/pbc/pbc-0-3/H-Si.skf
  /user/panosetti/data/progs/DFTB/parameters/pbc/pbc-0-3/Si-H.skf
  /user/panosetti/data/progs/DFTB/parameters/pbc/pbc-0-3/Si-Si.skf
Done.


Processed input in HSD format written to 'dftb_pin.hsd'

Starting initialization...
--------------------------------------------------------------------------------
PGRID:ORBITAL: 1 x 2 x 4
PGRID:ALLPROC: 2 x 4
PGRID:ATOM: 2 x 2
RECLATPOINTS: 8767
Mode:                        Conjugate gradient relaxation
Self consistent charges:     Yes
SCC-tolerance:                 0.100000E-04
Max. scc iterations:                    100
Ewald alpha parameter:         0.500000E+00
Spin polarisation:           No
Nr. of up electrons:           108.500000
Nr. of down electrons:         108.500000
Periodic boundaries:         Yes
Diagonalizer:                Divide and Conquer
Maximal SCC-cycles:                     100
Nr. of moved atoms:                      61
Max. nr. of geometry steps:               0
Force tolerance:               0.100000E-03
Electronic temperature:        0.100000E-01
Initial charges:             Set automatically (system chrg:   0.000E+00)
Included shells:              H:  s
                             Si:  s, p
K-points and weights:           1: -0.333333 -0.333333  0.000000     0.111111
                                2: -0.333333  0.000000  0.000000     0.111111
                                3: -0.333333  0.333333  0.000000     0.111111
                                4:  0.000000 -0.333333  0.000000     0.111111
                                5:  0.000000  0.000000  0.000000     0.111111
                                6:  0.000000  0.333333  0.000000     0.111111
                                7:  0.333333 -0.333333  0.000000     0.111111
                                8:  0.333333  0.000000  0.000000     0.111111
                                9:  0.333333  0.333333  0.000000     0.111111
Extra options:

********************************************************************************
** Geometry step: 0
********************************************************************************

MAXNEIGHBORS: 641
  iSCC Total electronic   Diff electronic      SCC error    
    1   -0.69781068E+02    0.00000000E+00    0.40204275E+00
    2   -0.69811033E+02   -0.29964888E-01    0.21292699E+00
    3   -0.69779246E+02    0.31786864E-01    0.12890192E+00
    4   -0.69850070E+02   -0.70823714E-01    0.61889271E-01
    5   -0.69852468E+02   -0.23983944E-02    0.24199368E-01
    6   -0.69852581E+02   -0.11291791E-03    0.97841401E-02
    7   -0.69852669E+02   -0.88122508E-04    0.28878917E-02
    8   -0.69852642E+02    0.27179018E-04    0.10648373E-02
    9   -0.69852627E+02    0.15575736E-04    0.63573459E-03
   10   -0.69852644E+02   -0.17608987E-04    0.20801827E-03
   11   -0.69852633E+02    0.11282916E-04    0.76692767E-04
   12   -0.69852635E+02   -0.20612266E-05    0.23794746E-04
   13   -0.69852636E+02   -0.67309911E-06    0.10945176E-04
   14   -0.69852635E+02    0.59039623E-06    0.44631461E-05
scc total               CPU:    33.37       Wall:    38.16
 
 Total Energy:                     -69.8080150584 H
 Total Mermin free energy:         -69.9050003138 H
force total             CPU:     1.04       Wall:     1.14
 Volume:                             0.296525E+05 au^3
 Pressure:                          -0.246068E-04 au    -0.723958E+09 Pa
 Maximal force component:            0.168549E-01
 
Geometry converged
program total           CPU:    34.84       Wall:    39.94
