================================================================================
==
==   DFTB+ (Density Functional Tight Binding and much more)
==
==                          Unofficial release (r4465)
==
==                            (ParserVersion = 4)
==
================================================================================

********************************************************************************
** Parsing and initializing
********************************************************************************

Interpreting input file 'dftb_in.hsd'
--------------------------------------------------------------------------------
Reading SK-files:
  /user/panosetti/data/progs/DFTB/parameters/pbc/pbc-0-3/H-H.skf
  /user/panosetti/data/progs/DFTB/parameters/pbc/pbc-0-3/H-Si.skf
  /user/panosetti/data/progs/DFTB/parameters/pbc/pbc-0-3/Si-H.skf
  /user/panosetti/data/progs/DFTB/parameters/pbc/pbc-0-3/Si-Si.skf
Done.


Processed input in HSD format written to 'dftb_pin.hsd'

Starting initialization...
--------------------------------------------------------------------------------
PGRID:ORBITAL: 1 x 2 x 4
PGRID:ALLPROC: 2 x 4
PGRID:ATOM: 2 x 2
RECLATPOINTS: 8767
Mode:                        Conjugate gradient relaxation
Self consistent charges:     Yes
SCC-tolerance:                 0.100000E-04
Max. scc iterations:                    100
Ewald alpha parameter:         0.500000E+00
Spin polarisation:           No
Nr. of up electrons:           108.500000
Nr. of down electrons:         108.500000
Periodic boundaries:         Yes
Diagonalizer:                Divide and Conquer
Maximal SCC-cycles:                     100
Nr. of moved atoms:                      61
Max. nr. of geometry steps:               0
Force tolerance:               0.100000E-03
Electronic temperature:        0.100000E-01
Initial charges:             Set automatically (system chrg:   0.000E+00)
Included shells:              H:  s
                             Si:  s, p
K-points and weights:           1: -0.333333 -0.333333  0.000000     0.111111
                                2: -0.333333  0.000000  0.000000     0.111111
                                3: -0.333333  0.333333  0.000000     0.111111
                                4:  0.000000 -0.333333  0.000000     0.111111
                                5:  0.000000  0.000000  0.000000     0.111111
                                6:  0.000000  0.333333  0.000000     0.111111
                                7:  0.333333 -0.333333  0.000000     0.111111
                                8:  0.333333  0.000000  0.000000     0.111111
                                9:  0.333333  0.333333  0.000000     0.111111
Extra options:

********************************************************************************
** Geometry step: 0
********************************************************************************

MAXNEIGHBORS: 641
  iSCC Total electronic   Diff electronic      SCC error    
    1   -0.69830168E+02    0.00000000E+00    0.48613325E+00
    2   -0.69853716E+02   -0.23548453E-01    0.23364825E+00
    3   -0.69819531E+02    0.34184896E-01    0.11412662E+00
    4   -0.69894070E+02   -0.74538807E-01    0.49875515E-01
    5   -0.69893550E+02    0.51955741E-03    0.29403301E-01
    6   -0.69895938E+02   -0.23872933E-02    0.10932618E-01
    7   -0.69895676E+02    0.26203350E-03    0.24535088E-02
    8   -0.69895501E+02    0.17485807E-03    0.12617986E-02
    9   -0.69895610E+02   -0.10884401E-03    0.55042892E-03
   10   -0.69895618E+02   -0.86734720E-05    0.20234195E-03
   11   -0.69895604E+02    0.13894749E-04    0.72638246E-04
   12   -0.69895603E+02    0.12533874E-05    0.48172079E-04
   13   -0.69895607E+02   -0.35382699E-05    0.11648066E-04
   14   -0.69895605E+02    0.14719287E-05    0.43726584E-05
scc total               CPU:    29.56       Wall:    34.10
 
 Total Energy:                     -69.8505174869 H
 Total Mermin free energy:         -69.9355073147 H
force total             CPU:     1.12       Wall:     1.17
 Volume:                             0.296525E+05 au^3
 Pressure:                          -0.188628E-04 au    -0.554962E+09 Pa
 Maximal force component:            0.183426E-01
 
Geometry converged
program total           CPU:    31.44       Wall:    36.29
