================================================================================
==
==   DFTB+ (Density Functional Tight Binding and much more)
==
==                          Unofficial release (r4465)
==
==                            (ParserVersion = 4)
==
================================================================================

********************************************************************************
** Parsing and initializing
********************************************************************************

Interpreting input file 'dftb_in.hsd'
--------------------------------------------------------------------------------
Reading SK-files:
  /user/panosetti/data/progs/DFTB/parameters/pbc/pbc-0-3/H-H.skf
  /user/panosetti/data/progs/DFTB/parameters/pbc/pbc-0-3/H-Si.skf
  /user/panosetti/data/progs/DFTB/parameters/pbc/pbc-0-3/Si-H.skf
  /user/panosetti/data/progs/DFTB/parameters/pbc/pbc-0-3/Si-Si.skf
Done.


Processed input in HSD format written to 'dftb_pin.hsd'

Starting initialization...
--------------------------------------------------------------------------------
PGRID:ORBITAL: 1 x 2 x 4
PGRID:ALLPROC: 2 x 4
PGRID:ATOM: 2 x 2
RECLATPOINTS: 8767
Mode:                        Conjugate gradient relaxation
Self consistent charges:     Yes
SCC-tolerance:                 0.100000E-04
Max. scc iterations:                    100
Ewald alpha parameter:         0.500000E+00
Spin polarisation:           No
Nr. of up electrons:           108.500000
Nr. of down electrons:         108.500000
Periodic boundaries:         Yes
Diagonalizer:                Divide and Conquer
Maximal SCC-cycles:                     100
Nr. of moved atoms:                      61
Max. nr. of geometry steps:               0
Force tolerance:               0.100000E-03
Electronic temperature:        0.100000E-01
Initial charges:             Set automatically (system chrg:   0.000E+00)
Included shells:              H:  s
                             Si:  s, p
K-points and weights:           1: -0.333333 -0.333333  0.000000     0.111111
                                2: -0.333333  0.000000  0.000000     0.111111
                                3: -0.333333  0.333333  0.000000     0.111111
                                4:  0.000000 -0.333333  0.000000     0.111111
                                5:  0.000000  0.000000  0.000000     0.111111
                                6:  0.000000  0.333333  0.000000     0.111111
                                7:  0.333333 -0.333333  0.000000     0.111111
                                8:  0.333333  0.000000  0.000000     0.111111
                                9:  0.333333  0.333333  0.000000     0.111111
Extra options:

********************************************************************************
** Geometry step: 0
********************************************************************************

MAXNEIGHBORS: 641
  iSCC Total electronic   Diff electronic      SCC error    
    1   -0.69246105E+02    0.00000000E+00    0.52011018E+00
    2   -0.69087688E+02    0.15841675E+00    0.35881504E+00
    3   -0.69310122E+02   -0.22243353E+00    0.20031566E+00
    4   -0.69418657E+02   -0.10853469E+00    0.83462116E-01
    5   -0.69419120E+02   -0.46330879E-03    0.26405644E-01
    6   -0.69419495E+02   -0.37527631E-03    0.13580358E-01
    7   -0.69419158E+02    0.33743510E-03    0.85945123E-02
    8   -0.69419449E+02   -0.29141172E-03    0.23116644E-02
    9   -0.69419464E+02   -0.14390686E-04    0.10676688E-02
   10   -0.69419476E+02   -0.12784416E-04    0.40584984E-03
   11   -0.69419471E+02    0.50730969E-05    0.12231432E-03
   12   -0.69419472E+02   -0.29079858E-06    0.41682403E-04
   13   -0.69419472E+02   -0.19887766E-06    0.16516230E-04
   14   -0.69419472E+02   -0.92915002E-07    0.65674913E-05
scc total               CPU:    27.48       Wall:    31.75
 
 Total Energy:                     -69.3785339182 H
 Total Mermin free energy:         -69.5102214770 H
force total             CPU:     1.06       Wall:     1.15
 Volume:                             0.296525E+05 au^3
 Pressure:                           0.365130E-05 au     0.107425E+09 Pa
 Maximal force component:            0.220442E-01
 
Geometry converged
program total           CPU:    29.30       Wall:    33.99
