================================================================================
==
==   DFTB+ (Density Functional Tight Binding and much more)
==
==                          Unofficial release (r4465)
==
==                            (ParserVersion = 4)
==
================================================================================

********************************************************************************
** Parsing and initializing
********************************************************************************

Interpreting input file 'dftb_in.hsd'
--------------------------------------------------------------------------------
Reading SK-files:
  /user/panosetti/data/progs/DFTB/parameters/pbc/pbc-0-3/H-H.skf
  /user/panosetti/data/progs/DFTB/parameters/pbc/pbc-0-3/H-Si.skf
  /user/panosetti/data/progs/DFTB/parameters/pbc/pbc-0-3/Si-H.skf
  /user/panosetti/data/progs/DFTB/parameters/pbc/pbc-0-3/Si-Si.skf
Done.


Processed input in HSD format written to 'dftb_pin.hsd'

Starting initialization...
--------------------------------------------------------------------------------
PGRID:ORBITAL: 1 x 2 x 4
PGRID:ALLPROC: 2 x 4
PGRID:ATOM: 2 x 2
RECLATPOINTS: 8767
Mode:                        Conjugate gradient relaxation
Self consistent charges:     Yes
SCC-tolerance:                 0.100000E-04
Max. scc iterations:                    100
Ewald alpha parameter:         0.500000E+00
Spin polarisation:           No
Nr. of up electrons:           108.500000
Nr. of down electrons:         108.500000
Periodic boundaries:         Yes
Diagonalizer:                Divide and Conquer
Maximal SCC-cycles:                     100
Nr. of moved atoms:                      61
Max. nr. of geometry steps:               0
Force tolerance:               0.100000E-03
Electronic temperature:        0.100000E-01
Initial charges:             Set automatically (system chrg:   0.000E+00)
Included shells:              H:  s
                             Si:  s, p
K-points and weights:           1: -0.333333 -0.333333  0.000000     0.111111
                                2: -0.333333  0.000000  0.000000     0.111111
                                3: -0.333333  0.333333  0.000000     0.111111
                                4:  0.000000 -0.333333  0.000000     0.111111
                                5:  0.000000  0.000000  0.000000     0.111111
                                6:  0.000000  0.333333  0.000000     0.111111
                                7:  0.333333 -0.333333  0.000000     0.111111
                                8:  0.333333  0.000000  0.000000     0.111111
                                9:  0.333333  0.333333  0.000000     0.111111
Extra options:

********************************************************************************
** Geometry step: 0
********************************************************************************

MAXNEIGHBORS: 641
  iSCC Total electronic   Diff electronic      SCC error    
    1   -0.69397749E+02    0.00000000E+00    0.50573364E+00
    2   -0.69384432E+02    0.13316318E-01    0.63734068E+00
    3   -0.69157985E+02    0.22644723E+00    0.12943019E+01
    4   -0.69453789E+02   -0.29580374E+00    0.12480896E+00
    5   -0.69474679E+02   -0.20890769E-01    0.78878877E-01
    6   -0.69474327E+02    0.35226070E-03    0.91162370E-01
    7   -0.69478754E+02   -0.44272226E-02    0.25426593E-01
    8   -0.69478471E+02    0.28340492E-03    0.56934137E-02
    9   -0.69478294E+02    0.17656364E-03    0.18555944E-02
   10   -0.69478358E+02   -0.63947798E-04    0.55692822E-03
   11   -0.69478359E+02   -0.10194205E-05    0.17856780E-03
   12   -0.69478359E+02    0.43265788E-06    0.55299585E-04
   13   -0.69478361E+02   -0.16219363E-05    0.37584833E-04
