================================================================================
==
==   DFTB+ (Density Functional Tight Binding and much more)
==
==                          Unofficial release (r4465)
==
==                            (ParserVersion = 4)
==
================================================================================

********************************************************************************
** Parsing and initializing
********************************************************************************

Interpreting input file 'dftb_in.hsd'
--------------------------------------------------------------------------------
Reading SK-files:
  /user/panosetti/data/progs/DFTB/parameters/pbc/pbc-0-3/H-H.skf
  /user/panosetti/data/progs/DFTB/parameters/pbc/pbc-0-3/H-Si.skf
  /user/panosetti/data/progs/DFTB/parameters/pbc/pbc-0-3/Si-H.skf
  /user/panosetti/data/progs/DFTB/parameters/pbc/pbc-0-3/Si-Si.skf
Done.


Processed input in HSD format written to 'dftb_pin.hsd'

Starting initialization...
--------------------------------------------------------------------------------
PGRID:ORBITAL: 1 x 2 x 4
PGRID:ALLPROC: 2 x 4
PGRID:ATOM: 2 x 2
RECLATPOINTS: 8767
Mode:                        Conjugate gradient relaxation
Self consistent charges:     Yes
SCC-tolerance:                 0.100000E-04
Max. scc iterations:                    100
Ewald alpha parameter:         0.500000E+00
Spin polarisation:           No
Nr. of up electrons:           108.500000
Nr. of down electrons:         108.500000
Periodic boundaries:         Yes
Diagonalizer:                Divide and Conquer
Maximal SCC-cycles:                     100
Nr. of moved atoms:                      61
Max. nr. of geometry steps:               0
Force tolerance:               0.100000E-03
Electronic temperature:        0.100000E-01
Initial charges:             Set automatically (system chrg:   0.000E+00)
Included shells:              H:  s
                             Si:  s, p
K-points and weights:           1: -0.333333 -0.333333  0.000000     0.111111
                                2: -0.333333  0.000000  0.000000     0.111111
                                3: -0.333333  0.333333  0.000000     0.111111
                                4:  0.000000 -0.333333  0.000000     0.111111
                                5:  0.000000  0.000000  0.000000     0.111111
                                6:  0.000000  0.333333  0.000000     0.111111
                                7:  0.333333 -0.333333  0.000000     0.111111
                                8:  0.333333  0.000000  0.000000     0.111111
                                9:  0.333333  0.333333  0.000000     0.111111
Extra options:

********************************************************************************
** Geometry step: 0
********************************************************************************

MAXNEIGHBORS: 641
  iSCC Total electronic   Diff electronic      SCC error    
    1   -0.69782649E+02    0.00000000E+00    0.48130919E+00
    2   -0.69795810E+02   -0.13161075E-01    0.27214774E+00
    3   -0.69745520E+02    0.50290379E-01    0.21398422E+00
    4   -0.69853869E+02   -0.10834985E+00    0.49926463E-01
    5   -0.69852899E+02    0.97045669E-03    0.25550451E-01
    6   -0.69853977E+02   -0.10784102E-02    0.12150950E-01
    7   -0.69853918E+02    0.58979216E-04    0.44961916E-02
    8   -0.69853779E+02    0.13983220E-03    0.85842719E-03
    9   -0.69853765E+02    0.13597257E-04    0.79963670E-03
   10   -0.69853787E+02   -0.22245952E-04    0.17157676E-03
   11   -0.69853778E+02    0.93555710E-05    0.10207663E-03
   12   -0.69853785E+02   -0.69562197E-05    0.53960511E-04
   13   -0.69853784E+02    0.12532559E-05    0.16113643E-04
   14   -0.69853783E+02    0.77432398E-06    0.49511918E-05
scc total               CPU:    29.01       Wall:    34.30
 
 Total Energy:                     -69.8098290721 H
 Total Mermin free energy:         -69.9023817111 H
force total             CPU:     1.00       Wall:     1.15
 Volume:                             0.296525E+05 au^3
 Pressure:                          -0.212064E-04 au    -0.623912E+09 Pa
 Maximal force component:            0.190134E-01
 
Geometry converged
program total           CPU:    30.61       Wall:    36.15
