================================================================================
==
==   DFTB+ (Density Functional Tight Binding and much more)
==
==                          Unofficial release (r4465)
==
==                            (ParserVersion = 4)
==
================================================================================

********************************************************************************
** Parsing and initializing
********************************************************************************

Interpreting input file 'dftb_in.hsd'
--------------------------------------------------------------------------------
Reading SK-files:
  /user/panosetti/data/progs/DFTB/parameters/pbc/pbc-0-3/H-H.skf
  /user/panosetti/data/progs/DFTB/parameters/pbc/pbc-0-3/H-Si.skf
  /user/panosetti/data/progs/DFTB/parameters/pbc/pbc-0-3/Si-H.skf
  /user/panosetti/data/progs/DFTB/parameters/pbc/pbc-0-3/Si-Si.skf
Done.


Processed input in HSD format written to 'dftb_pin.hsd'

Starting initialization...
--------------------------------------------------------------------------------
PGRID:ORBITAL: 1 x 2 x 4
PGRID:ALLPROC: 2 x 4
PGRID:ATOM: 2 x 2
RECLATPOINTS: 8767
Mode:                        Conjugate gradient relaxation
Self consistent charges:     Yes
SCC-tolerance:                 0.100000E-04
Max. scc iterations:                    100
Ewald alpha parameter:         0.500000E+00
Spin polarisation:           No
Nr. of up electrons:           108.500000
Nr. of down electrons:         108.500000
Periodic boundaries:         Yes
Diagonalizer:                Divide and Conquer
Maximal SCC-cycles:                     100
Nr. of moved atoms:                      61
Max. nr. of geometry steps:               0
Force tolerance:               0.100000E-03
Electronic temperature:        0.100000E-01
Initial charges:             Set automatically (system chrg:   0.000E+00)
Included shells:              H:  s
                             Si:  s, p
K-points and weights:           1: -0.333333 -0.333333  0.000000     0.111111
                                2: -0.333333  0.000000  0.000000     0.111111
                                3: -0.333333  0.333333  0.000000     0.111111
                                4:  0.000000 -0.333333  0.000000     0.111111
                                5:  0.000000  0.000000  0.000000     0.111111
                                6:  0.000000  0.333333  0.000000     0.111111
                                7:  0.333333 -0.333333  0.000000     0.111111
                                8:  0.333333  0.000000  0.000000     0.111111
                                9:  0.333333  0.333333  0.000000     0.111111
Extra options:

********************************************************************************
** Geometry step: 0
********************************************************************************

MAXNEIGHBORS: 641
  iSCC Total electronic   Diff electronic      SCC error    
    1   -0.69322328E+02    0.00000000E+00    0.46031581E+00
    2   -0.68821301E+02    0.50102698E+00    0.10531440E+01
    3   -0.69448081E+02   -0.62678045E+00    0.29558040E+00
    4   -0.69444393E+02    0.36884586E-02    0.14715246E+00
    5   -0.69468200E+02   -0.23807170E-01    0.97710734E-01
    6   -0.69483580E+02   -0.15380041E-01    0.20418565E-01
    7   -0.69483882E+02   -0.30189626E-03    0.91483900E-02
    8   -0.69484141E+02   -0.25933595E-03    0.30597798E-02
    9   -0.69484136E+02    0.50750271E-05    0.15400001E-02
   10   -0.69484195E+02   -0.58300118E-04    0.52123788E-03
   11   -0.69484177E+02    0.17166035E-04    0.21435887E-03
   12   -0.69484180E+02   -0.30190655E-05    0.72690465E-04
   13   -0.69484183E+02   -0.21535720E-05    0.27091109E-04
   14   -0.69484182E+02    0.93860395E-06    0.80807148E-05
scc total               CPU:    31.22       Wall:    34.59
 
 Total Energy:                     -69.4284581907 H
 Total Mermin free energy:         -69.5626783356 H
force total             CPU:     1.17       Wall:     1.17
 Volume:                             0.296525E+05 au^3
 Pressure:                          -0.129595E-04 au    -0.381281E+09 Pa
 Maximal force component:            0.243217E-01
 
Geometry converged
program total           CPU:    33.06       Wall:    36.63
