================================================================================
==
==   DFTB+ (Density Functional Tight Binding and much more)
==
==                          Unofficial release (r4465)
==
==                            (ParserVersion = 4)
==
================================================================================

********************************************************************************
** Parsing and initializing
********************************************************************************

Interpreting input file 'dftb_in.hsd'
--------------------------------------------------------------------------------
Reading SK-files:
  /user/panosetti/data/progs/DFTB/parameters/pbc/pbc-0-3/H-H.skf
  /user/panosetti/data/progs/DFTB/parameters/pbc/pbc-0-3/H-Si.skf
  /user/panosetti/data/progs/DFTB/parameters/pbc/pbc-0-3/Si-H.skf
  /user/panosetti/data/progs/DFTB/parameters/pbc/pbc-0-3/Si-Si.skf
Done.


Processed input in HSD format written to 'dftb_pin.hsd'

Starting initialization...
--------------------------------------------------------------------------------
PGRID:ORBITAL: 1 x 2 x 4
PGRID:ALLPROC: 2 x 4
PGRID:ATOM: 2 x 2
RECLATPOINTS: 107
Mode:                        Conjugate gradient relaxation
Self consistent charges:     Yes
SCC-tolerance:                 0.100000E-04
Max. scc iterations:                    100
Ewald alpha parameter:         0.100000E+00
Spin polarisation:           No
Nr. of up electrons:           108.500000
Nr. of down electrons:         108.500000
Periodic boundaries:         Yes
Diagonalizer:                Divide and Conquer
Maximal SCC-cycles:                     100
Nr. of moved atoms:                      61
Max. nr. of geometry steps:               0
Force tolerance:               0.100000E-03
Electronic temperature:        0.360000E-02
Initial charges:             Set automatically (system chrg:   0.000E+00)
Included shells:              H:  s
                             Si:  s, p
K-points and weights:           1: -0.400000 -0.400000  0.000000     0.040000
                                2: -0.400000 -0.200000  0.000000     0.040000
                                3:  0.000000 -0.400000  0.000000     0.040000
                                4:  0.000000 -0.200000  0.000000     0.040000
                                5:  0.000000  0.000000  0.000000     0.040000
                                6:  0.000000  0.200000  0.000000     0.040000
                                7:  0.000000  0.400000  0.000000     0.040000
                                8:  0.200000 -0.400000  0.000000     0.040000
                                9:  0.200000 -0.200000  0.000000     0.040000
                               10:  0.200000  0.000000  0.000000     0.040000
                               11:  0.200000  0.200000  0.000000     0.040000
                               12:  0.200000  0.400000  0.000000     0.040000
                               13: -0.400000  0.000000  0.000000     0.040000
                               14:  0.400000 -0.400000  0.000000     0.040000
                               15:  0.400000 -0.200000  0.000000     0.040000
                               16:  0.400000  0.000000  0.000000     0.040000
                               17:  0.400000  0.200000  0.000000     0.040000
                               18:  0.400000  0.400000  0.000000     0.040000
                               19: -0.400000  0.200000  0.000000     0.040000
                               20: -0.400000  0.400000  0.000000     0.040000
                               21: -0.200000 -0.400000  0.000000     0.040000
                               22: -0.200000 -0.200000  0.000000     0.040000
                               23: -0.200000  0.000000  0.000000     0.040000
                               24: -0.200000  0.200000  0.000000     0.040000
                               25: -0.200000  0.400000  0.000000     0.040000
Extra options:

********************************************************************************
** Geometry step: 0
********************************************************************************

MAXNEIGHBORS: 641
  iSCC Total electronic   Diff electronic      SCC error    
    1   -0.69985834E+02    0.00000000E+00    0.68282397E+00
    2   -0.70018219E+02   -0.32384997E-01    0.23585484E+00
    3   -0.70010358E+02    0.78611781E-02    0.11036546E+00
    4   -0.70005438E+02    0.49202262E-02    0.21715649E+00
    5   -0.70021501E+02   -0.16062549E-01    0.33149173E-01
    6   -0.70019402E+02    0.20989960E-02    0.90981795E-01
    7   -0.70021642E+02   -0.22404856E-02    0.62851106E-02
    8   -0.70021691E+02   -0.48490255E-04    0.17077728E-01
    9   -0.70021658E+02    0.32497633E-04    0.43709139E-02
   10   -0.70021643E+02    0.15525481E-04    0.21001448E-02
   11   -0.70021625E+02    0.17383829E-04    0.65409079E-03
   12   -0.70021627E+02   -0.17733698E-05    0.42890203E-03
   13   -0.70021630E+02   -0.28177075E-05    0.27122928E-04
   14   -0.70021630E+02   -0.29232370E-06    0.12608437E-04
   15   -0.70021630E+02    0.53573032E-07    0.44752897E-05
scc total               CPU:    10.79       Wall:    10.96
 
 Total Energy:                     -69.9731280437 H
 Total Mermin free energy:         -69.9843013929 H
force total             CPU:     0.12       Wall:     0.13
 Volume:                             0.296525E+05 au^3
 Pressure:                          -0.212941E-04 au    -0.626493E+09 Pa
 Maximal force component:            0.140135E-01
 
Geometry converged
program total           CPU:    10.98       Wall:    11.20
