================================================================================
==
==   DFTB+ (Density Functional Tight Binding and much more)
==
==                          Unofficial release (r4465)
==
==                            (ParserVersion = 4)
==
================================================================================

********************************************************************************
** Parsing and initializing
********************************************************************************

Interpreting input file 'dftb_in.hsd'
--------------------------------------------------------------------------------
Reading SK-files:
  /user/panosetti/data/progs/DFTB/parameters/pbc/pbc-0-3/H-H.skf
  /user/panosetti/data/progs/DFTB/parameters/pbc/pbc-0-3/H-Si.skf
  /user/panosetti/data/progs/DFTB/parameters/pbc/pbc-0-3/Si-H.skf
  /user/panosetti/data/progs/DFTB/parameters/pbc/pbc-0-3/Si-Si.skf
Done.


Processed input in HSD format written to 'dftb_pin.hsd'

Starting initialization...
--------------------------------------------------------------------------------
PGRID:ORBITAL: 1 x 2 x 4
PGRID:ALLPROC: 2 x 4
PGRID:ATOM: 2 x 2
RECLATPOINTS: 8767
Mode:                        Conjugate gradient relaxation
Self consistent charges:     Yes
SCC-tolerance:                 0.100000E-04
Max. scc iterations:                    100
Ewald alpha parameter:         0.500000E+00
Spin polarisation:           No
Nr. of up electrons:           108.500000
Nr. of down electrons:         108.500000
Periodic boundaries:         Yes
Diagonalizer:                Divide and Conquer
Maximal SCC-cycles:                     100
Nr. of moved atoms:                      61
Max. nr. of geometry steps:               0
Force tolerance:               0.100000E-03
Electronic temperature:        0.100000E-01
Initial charges:             Set automatically (system chrg:   0.000E+00)
Included shells:              H:  s
                             Si:  s, p
K-points and weights:           1: -0.333333 -0.333333  0.000000     0.111111
                                2: -0.333333  0.000000  0.000000     0.111111
                                3: -0.333333  0.333333  0.000000     0.111111
                                4:  0.000000 -0.333333  0.000000     0.111111
                                5:  0.000000  0.000000  0.000000     0.111111
                                6:  0.000000  0.333333  0.000000     0.111111
                                7:  0.333333 -0.333333  0.000000     0.111111
                                8:  0.333333  0.000000  0.000000     0.111111
                                9:  0.333333  0.333333  0.000000     0.111111
Extra options:

********************************************************************************
** Geometry step: 0
********************************************************************************

MAXNEIGHBORS: 641
  iSCC Total electronic   Diff electronic      SCC error    
    1   -0.69517615E+02    0.00000000E+00    0.49926862E+00
    2   -0.69536322E+02   -0.18707433E-01    0.28576849E+00
    3   -0.69390830E+02    0.14549236E+00    0.26750532E+00
    4   -0.69575150E+02   -0.18431963E+00    0.11499986E+00
    5   -0.69590370E+02   -0.15220531E-01    0.30057513E-01
    6   -0.69590157E+02    0.21358207E-03    0.15536689E-01
    7   -0.69590943E+02   -0.78592982E-03    0.84124999E-02
    8   -0.69590480E+02    0.46281335E-03    0.27252626E-02
    9   -0.69590639E+02   -0.15891139E-03    0.86871780E-03
   10   -0.69590649E+02   -0.99140864E-05    0.35387788E-03
   11   -0.69590667E+02   -0.18575952E-04    0.14300390E-03
   12   -0.69590658E+02    0.89816338E-05    0.64805054E-04
   13   -0.69590662E+02   -0.40655241E-05    0.30658847E-04
   14   -0.69590660E+02    0.21872418E-05    0.10703233E-04
   15   -0.69590660E+02    0.44377060E-07    0.35152914E-05
scc total               CPU:    29.50       Wall:    34.36
 
 Total Energy:                     -69.5504023684 H
 Total Mermin free energy:         -69.6745930756 H
force total             CPU:     0.91       Wall:     1.08
 Volume:                             0.296525E+05 au^3
 Pressure:                          -0.940862E-05 au    -0.276811E+09 Pa
 Maximal force component:            0.161698E-01
 
Geometry converged
program total           CPU:    31.06       Wall:    36.44
