================================================================================
==
==   DFTB+ (Density Functional Tight Binding and much more)
==
==                          Unofficial release (r4465)
==
==                            (ParserVersion = 4)
==
================================================================================

********************************************************************************
** Parsing and initializing
********************************************************************************

Interpreting input file 'dftb_in.hsd'
--------------------------------------------------------------------------------
Reading SK-files:
  /user/panosetti/data/progs/DFTB/parameters/pbc/pbc-0-3/H-H.skf
  /user/panosetti/data/progs/DFTB/parameters/pbc/pbc-0-3/H-Si.skf
  /user/panosetti/data/progs/DFTB/parameters/pbc/pbc-0-3/Si-H.skf
  /user/panosetti/data/progs/DFTB/parameters/pbc/pbc-0-3/Si-Si.skf
Done.


Processed input in HSD format written to 'dftb_pin.hsd'

Starting initialization...
--------------------------------------------------------------------------------
PGRID:ORBITAL: 1 x 2 x 4
PGRID:ALLPROC: 2 x 4
PGRID:ATOM: 2 x 2
RECLATPOINTS: 8767
Mode:                        Conjugate gradient relaxation
Self consistent charges:     Yes
SCC-tolerance:                 0.100000E-04
Max. scc iterations:                    100
Ewald alpha parameter:         0.500000E+00
Spin polarisation:           No
Nr. of up electrons:           108.500000
Nr. of down electrons:         108.500000
Periodic boundaries:         Yes
Diagonalizer:                Divide and Conquer
Maximal SCC-cycles:                     100
Nr. of moved atoms:                      61
Max. nr. of geometry steps:               0
Force tolerance:               0.100000E-03
Electronic temperature:        0.100000E-01
Initial charges:             Set automatically (system chrg:   0.000E+00)
Included shells:              H:  s
                             Si:  s, p
K-points and weights:           1: -0.333333 -0.333333  0.000000     0.111111
                                2: -0.333333  0.000000  0.000000     0.111111
                                3: -0.333333  0.333333  0.000000     0.111111
                                4:  0.000000 -0.333333  0.000000     0.111111
                                5:  0.000000  0.000000  0.000000     0.111111
                                6:  0.000000  0.333333  0.000000     0.111111
                                7:  0.333333 -0.333333  0.000000     0.111111
                                8:  0.333333  0.000000  0.000000     0.111111
                                9:  0.333333  0.333333  0.000000     0.111111
Extra options:

********************************************************************************
** Geometry step: 0
********************************************************************************

MAXNEIGHBORS: 641
  iSCC Total electronic   Diff electronic      SCC error    
    1   -0.69278656E+02    0.00000000E+00    0.53875523E+00
    2   -0.69005884E+02    0.27277225E+00    0.57251217E+00
    3   -0.69132675E+02   -0.12679176E+00    0.43136153E+00
    4   -0.69439195E+02   -0.30651978E+00    0.14415448E+00
    5   -0.69453506E+02   -0.14311155E-01    0.31260121E-01
    6   -0.69454901E+02   -0.13943241E-02    0.21305884E-01
    7   -0.69453981E+02    0.91991388E-03    0.15210143E-01
    8   -0.69454967E+02   -0.98652726E-03    0.49914315E-02
    9   -0.69454938E+02    0.29157051E-04    0.18445322E-02
   10   -0.69454978E+02   -0.40284109E-04    0.58330329E-03
   11   -0.69454990E+02   -0.11749317E-04    0.35147221E-03
   12   -0.69454981E+02    0.91994902E-05    0.10280602E-03
   13   -0.69454982E+02   -0.96076154E-06    0.42431643E-04
   14   -0.69454982E+02    0.56732603E-07    0.10194217E-04
   15   -0.69454982E+02    0.12296817E-06    0.75728658E-05
scc total               CPU:    31.68       Wall:    37.88
 
 Total Energy:                     -69.4142139539 H
 Total Mermin free energy:         -69.5455299282 H
force total             CPU:     1.06       Wall:     1.12
 Volume:                             0.296525E+05 au^3
 Pressure:                          -0.497147E-05 au    -0.146266E+09 Pa
 Maximal force component:            0.174879E-01
 
Geometry converged
program total           CPU:    33.37       Wall:    39.82
