================================================================================
==
==   DFTB+ (Density Functional Tight Binding and much more)
==
==                          Unofficial release (r4465)
==
==                            (ParserVersion = 4)
==
================================================================================

********************************************************************************
** Parsing and initializing
********************************************************************************

Interpreting input file 'dftb_in.hsd'
--------------------------------------------------------------------------------
Reading SK-files:
  /user/panosetti/data/progs/DFTB/parameters/pbc/pbc-0-3/H-H.skf
  /user/panosetti/data/progs/DFTB/parameters/pbc/pbc-0-3/H-Si.skf
  /user/panosetti/data/progs/DFTB/parameters/pbc/pbc-0-3/Si-H.skf
  /user/panosetti/data/progs/DFTB/parameters/pbc/pbc-0-3/Si-Si.skf
Done.


Processed input in HSD format written to 'dftb_pin.hsd'

Starting initialization...
--------------------------------------------------------------------------------
PGRID:ORBITAL: 1 x 2 x 4
PGRID:ALLPROC: 2 x 4
PGRID:ATOM: 2 x 2
RECLATPOINTS: 8767
Mode:                        Conjugate gradient relaxation
Self consistent charges:     Yes
SCC-tolerance:                 0.100000E-04
Max. scc iterations:                    100
Ewald alpha parameter:         0.500000E+00
Spin polarisation:           No
Nr. of up electrons:           108.500000
Nr. of down electrons:         108.500000
Periodic boundaries:         Yes
Diagonalizer:                Divide and Conquer
Maximal SCC-cycles:                     100
Nr. of moved atoms:                      61
Max. nr. of geometry steps:               0
Force tolerance:               0.100000E-03
Electronic temperature:        0.100000E-01
Initial charges:             Set automatically (system chrg:   0.000E+00)
Included shells:              H:  s
                             Si:  s, p
K-points and weights:           1: -0.333333 -0.333333  0.000000     0.111111
                                2: -0.333333  0.000000  0.000000     0.111111
                                3: -0.333333  0.333333  0.000000     0.111111
                                4:  0.000000 -0.333333  0.000000     0.111111
                                5:  0.000000  0.000000  0.000000     0.111111
                                6:  0.000000  0.333333  0.000000     0.111111
                                7:  0.333333 -0.333333  0.000000     0.111111
                                8:  0.333333  0.000000  0.000000     0.111111
                                9:  0.333333  0.333333  0.000000     0.111111
Extra options:

********************************************************************************
** Geometry step: 0
********************************************************************************

MAXNEIGHBORS: 641
  iSCC Total electronic   Diff electronic      SCC error    
    1   -0.68986943E+02    0.00000000E+00    0.50153934E+00
    2   -0.68095124E+02    0.89181889E+00    0.66213707E+00
    3   -0.69109360E+02   -0.10142353E+01    0.22499232E+00
    4   -0.69200746E+02   -0.91386044E-01    0.11646889E+00
    5   -0.69199361E+02    0.13842679E-02    0.61345018E-01
    6   -0.69200319E+02   -0.95715206E-03    0.19386718E-01
    7   -0.69201630E+02   -0.13115235E-02    0.15532635E-01
    8   -0.69200678E+02    0.95169688E-03    0.65370622E-02
    9   -0.69201278E+02   -0.59935200E-03    0.22890912E-02
   10   -0.69201188E+02    0.89947448E-04    0.13821917E-02
   11   -0.69201215E+02   -0.27624797E-04    0.69080914E-03
   12   -0.69201247E+02   -0.31330625E-04    0.16137285E-03
   13   -0.69201240E+02    0.66541320E-05    0.56874639E-04
   14   -0.69201240E+02   -0.39194705E-06    0.22556831E-04
   15   -0.69201240E+02    0.13168103E-06    0.78850718E-05
scc total               CPU:     7.81       Wall:     7.91
 
 Total Energy:                     -69.1436437552 H
 Total Mermin free energy:         -69.3155315289 H
force total             CPU:     1.02       Wall:     1.02
 Volume:                             0.296525E+05 au^3
 Pressure:                          -0.495511E-05 au    -0.145784E+09 Pa
 Maximal force component:            0.414024E-01
 
Geometry converged
program total           CPU:     9.16       Wall:     9.29
