================================================================================
==
==   DFTB+ (Density Functional Tight Binding and much more)
==
==                          Unofficial release (r4465)
==
==                            (ParserVersion = 4)
==
================================================================================

********************************************************************************
** Parsing and initializing
********************************************************************************

Interpreting input file 'dftb_in.hsd'
--------------------------------------------------------------------------------
Reading SK-files:
  /user/panosetti/data/progs/DFTB/parameters/pbc/pbc-0-3/H-H.skf
  /user/panosetti/data/progs/DFTB/parameters/pbc/pbc-0-3/H-Si.skf
  /user/panosetti/data/progs/DFTB/parameters/pbc/pbc-0-3/Si-H.skf
  /user/panosetti/data/progs/DFTB/parameters/pbc/pbc-0-3/Si-Si.skf
Done.


Processed input in HSD format written to 'dftb_pin.hsd'

Starting initialization...
--------------------------------------------------------------------------------
PGRID:ORBITAL: 1 x 2 x 4
PGRID:ALLPROC: 2 x 4
PGRID:ATOM: 2 x 2
RECLATPOINTS: 8767
Mode:                        Conjugate gradient relaxation
Self consistent charges:     Yes
SCC-tolerance:                 0.100000E-04
Max. scc iterations:                    100
Ewald alpha parameter:         0.500000E+00
Spin polarisation:           No
Nr. of up electrons:           108.500000
Nr. of down electrons:         108.500000
Periodic boundaries:         Yes
Diagonalizer:                Divide and Conquer
Maximal SCC-cycles:                     100
Nr. of moved atoms:                      61
Max. nr. of geometry steps:               0
Force tolerance:               0.100000E-03
Electronic temperature:        0.100000E-01
Initial charges:             Set automatically (system chrg:   0.000E+00)
Included shells:              H:  s
                             Si:  s, p
K-points and weights:           1: -0.333333 -0.333333  0.000000     0.111111
                                2: -0.333333  0.000000  0.000000     0.111111
                                3: -0.333333  0.333333  0.000000     0.111111
                                4:  0.000000 -0.333333  0.000000     0.111111
                                5:  0.000000  0.000000  0.000000     0.111111
                                6:  0.000000  0.333333  0.000000     0.111111
                                7:  0.333333 -0.333333  0.000000     0.111111
                                8:  0.333333  0.000000  0.000000     0.111111
                                9:  0.333333  0.333333  0.000000     0.111111
Extra options:

********************************************************************************
** Geometry step: 0
********************************************************************************

MAXNEIGHBORS: 641
  iSCC Total electronic   Diff electronic      SCC error    
    1   -0.69528705E+02    0.00000000E+00    0.40926523E+00
    2   -0.69501690E+02    0.27014970E-01    0.28771112E+00
    3   -0.69342564E+02    0.15912624E+00    0.32939336E+00
    4   -0.69598963E+02   -0.25639964E+00    0.72060350E-01
    5   -0.69604272E+02   -0.53087018E-02    0.32715878E-01
    6   -0.69606130E+02   -0.18585406E-02    0.19022479E-01
    7   -0.69605871E+02    0.25946152E-03    0.57362431E-02
    8   -0.69605895E+02   -0.24199516E-04    0.35524027E-02
    9   -0.69605993E+02   -0.97815535E-04    0.16698653E-02
   10   -0.69605954E+02    0.38646282E-04    0.42605153E-03
   11   -0.69605962E+02   -0.79936015E-05    0.16641115E-03
   12   -0.69605962E+02    0.36033344E-06    0.68239734E-04
   13   -0.69605958E+02    0.42680385E-05    0.31541123E-04
   14   -0.69605959E+02   -0.13777642E-05    0.11899227E-04
   15   -0.69605959E+02   -0.39553724E-06    0.44089104E-05
scc total               CPU:    29.82       Wall:    35.22
 
 Total Energy:                     -69.5585576265 H
 Total Mermin free energy:         -69.6964500234 H
force total             CPU:     0.97       Wall:     1.14
 Volume:                             0.296525E+05 au^3
 Pressure:                          -0.161347E-04 au    -0.474700E+09 Pa
 Maximal force component:            0.202350E-01
 
Geometry converged
program total           CPU:    31.20       Wall:    36.98
