================================================================================
==
==   DFTB+ (Density Functional Tight Binding and much more)
==
==                          Unofficial release (r4465)
==
==                            (ParserVersion = 4)
==
================================================================================

********************************************************************************
** Parsing and initializing
********************************************************************************

Interpreting input file 'dftb_in.hsd'
--------------------------------------------------------------------------------
Reading SK-files:
  /user/panosetti/data/progs/DFTB/parameters/pbc/pbc-0-3/H-H.skf
  /user/panosetti/data/progs/DFTB/parameters/pbc/pbc-0-3/H-Si.skf
  /user/panosetti/data/progs/DFTB/parameters/pbc/pbc-0-3/Si-H.skf
  /user/panosetti/data/progs/DFTB/parameters/pbc/pbc-0-3/Si-Si.skf
Done.


Processed input in HSD format written to 'dftb_pin.hsd'

Starting initialization...
--------------------------------------------------------------------------------
PGRID:ORBITAL: 1 x 2 x 4
PGRID:ALLPROC: 2 x 4
PGRID:ATOM: 2 x 2
RECLATPOINTS: 8767
Mode:                        Conjugate gradient relaxation
Self consistent charges:     Yes
SCC-tolerance:                 0.100000E-04
Max. scc iterations:                    100
Ewald alpha parameter:         0.500000E+00
Spin polarisation:           No
Nr. of up electrons:           108.500000
Nr. of down electrons:         108.500000
Periodic boundaries:         Yes
Diagonalizer:                Divide and Conquer
Maximal SCC-cycles:                     100
Nr. of moved atoms:                      61
Max. nr. of geometry steps:               0
Force tolerance:               0.100000E-03
Electronic temperature:        0.100000E-01
Initial charges:             Set automatically (system chrg:   0.000E+00)
Included shells:              H:  s
                             Si:  s, p
K-points and weights:           1: -0.333333 -0.333333  0.000000     0.111111
                                2: -0.333333  0.000000  0.000000     0.111111
                                3: -0.333333  0.333333  0.000000     0.111111
                                4:  0.000000 -0.333333  0.000000     0.111111
                                5:  0.000000  0.000000  0.000000     0.111111
                                6:  0.000000  0.333333  0.000000     0.111111
                                7:  0.333333 -0.333333  0.000000     0.111111
                                8:  0.333333  0.000000  0.000000     0.111111
                                9:  0.333333  0.333333  0.000000     0.111111
Extra options:

********************************************************************************
** Geometry step: 0
********************************************************************************

MAXNEIGHBORS: 641
  iSCC Total electronic   Diff electronic      SCC error    
    1   -0.69367190E+02    0.00000000E+00    0.45972876E+00
    2   -0.69274247E+02    0.92943393E-01    0.42166532E+00
    3   -0.68889678E+02    0.38456950E+00    0.59446215E+00
    4   -0.69448436E+02   -0.55875864E+00    0.12502639E+00
    5   -0.69453142E+02   -0.47055493E-02    0.28113225E-01
    6   -0.69454993E+02   -0.18515019E-02    0.25553927E-01
    7   -0.69453839E+02    0.11542629E-02    0.13270033E-01
    8   -0.69454991E+02   -0.11518497E-02    0.35710049E-02
    9   -0.69454898E+02    0.92913075E-04    0.17297810E-02
   10   -0.69454997E+02   -0.99348169E-04    0.72334489E-03
   11   -0.69454979E+02    0.18659700E-04    0.21060247E-03
   12   -0.69454973E+02    0.53717780E-05    0.76902988E-04
   13   -0.69454974E+02   -0.86449394E-06    0.33507875E-04
   14   -0.69454976E+02   -0.24193534E-05    0.11830421E-04
   15   -0.69454976E+02    0.55858744E-06    0.22536284E-05
scc total               CPU:     7.90       Wall:     7.99
 
 Total Energy:                     -69.4129914625 H
 Total Mermin free energy:         -69.5596226783 H
force total             CPU:     1.03       Wall:     1.03
 Volume:                             0.296525E+05 au^3
 Pressure:                          -0.154124E-04 au    -0.453449E+09 Pa
 Maximal force component:            0.189549E-01
 
Geometry converged
program total           CPU:     9.24       Wall:     9.37
