================================================================================
==
==   DFTB+ (Density Functional Tight Binding and much more)
==
==                          Unofficial release (r4465)
==
==                            (ParserVersion = 4)
==
================================================================================

********************************************************************************
** Parsing and initializing
********************************************************************************

Interpreting input file 'dftb_in.hsd'
--------------------------------------------------------------------------------
Reading SK-files:
  /user/panosetti/data/progs/DFTB/parameters/pbc/pbc-0-3/H-H.skf
  /user/panosetti/data/progs/DFTB/parameters/pbc/pbc-0-3/H-Si.skf
  /user/panosetti/data/progs/DFTB/parameters/pbc/pbc-0-3/Si-H.skf
  /user/panosetti/data/progs/DFTB/parameters/pbc/pbc-0-3/Si-Si.skf
Done.


Processed input in HSD format written to 'dftb_pin.hsd'

Starting initialization...
--------------------------------------------------------------------------------
PGRID:ORBITAL: 1 x 2 x 4
PGRID:ALLPROC: 2 x 4
PGRID:ATOM: 2 x 2
RECLATPOINTS: 8767
Mode:                        Conjugate gradient relaxation
Self consistent charges:     Yes
SCC-tolerance:                 0.100000E-04
Max. scc iterations:                    100
Ewald alpha parameter:         0.500000E+00
Spin polarisation:           No
Nr. of up electrons:           108.500000
Nr. of down electrons:         108.500000
Periodic boundaries:         Yes
Diagonalizer:                Divide and Conquer
Maximal SCC-cycles:                     100
Nr. of moved atoms:                      61
Max. nr. of geometry steps:               0
Force tolerance:               0.100000E-03
Electronic temperature:        0.100000E-01
Initial charges:             Set automatically (system chrg:   0.000E+00)
Included shells:              H:  s
                             Si:  s, p
K-points and weights:           1: -0.333333 -0.333333  0.000000     0.111111
                                2: -0.333333  0.000000  0.000000     0.111111
                                3: -0.333333  0.333333  0.000000     0.111111
                                4:  0.000000 -0.333333  0.000000     0.111111
                                5:  0.000000  0.000000  0.000000     0.111111
                                6:  0.000000  0.333333  0.000000     0.111111
                                7:  0.333333 -0.333333  0.000000     0.111111
                                8:  0.333333  0.000000  0.000000     0.111111
                                9:  0.333333  0.333333  0.000000     0.111111
Extra options:

********************************************************************************
** Geometry step: 0
********************************************************************************

MAXNEIGHBORS: 641
  iSCC Total electronic   Diff electronic      SCC error    
    1   -0.69842462E+02    0.00000000E+00    0.46173895E+00
    2   -0.69855421E+02   -0.12958606E-01    0.26773923E+00
    3   -0.69876269E+02   -0.20847599E-01    0.10360827E+00
    4   -0.69926246E+02   -0.49977463E-01    0.54415893E-01
    5   -0.69925440E+02    0.80612848E-03    0.30182563E-01
    6   -0.69926881E+02   -0.14409032E-02    0.82803111E-02
    7   -0.69926789E+02    0.92274025E-04    0.35828636E-02
    8   -0.69926651E+02    0.13734359E-03    0.18731209E-02
    9   -0.69926755E+02   -0.10360647E-03    0.16487081E-02
   10   -0.69926715E+02    0.39924474E-04    0.19064982E-03
   11   -0.69926711E+02    0.38541794E-05    0.14108532E-03
   12   -0.69926716E+02   -0.52676630E-05    0.57577809E-04
   13   -0.69926717E+02   -0.95857177E-06    0.80281284E-05
scc total               CPU:    28.59       Wall:    32.61
 
 Total Energy:                     -69.8816281160 H
 Total Mermin free energy:         -69.9669754808 H
force total             CPU:     1.00       Wall:     1.19
 Volume:                             0.296525E+05 au^3
 Pressure:                          -0.225427E-04 au    -0.663229E+09 Pa
 Maximal force component:            0.166519E-01
 
Geometry converged
program total           CPU:    30.16       Wall:    34.58
