================================================================================
==
==   DFTB+ (Density Functional Tight Binding and much more)
==
==                          Unofficial release (r4465)
==
==                            (ParserVersion = 4)
==
================================================================================

********************************************************************************
** Parsing and initializing
********************************************************************************

Interpreting input file 'dftb_in.hsd'
--------------------------------------------------------------------------------
Reading SK-files:
  /user/panosetti/data/progs/DFTB/parameters/pbc/pbc-0-3/H-H.skf
  /user/panosetti/data/progs/DFTB/parameters/pbc/pbc-0-3/H-Si.skf
  /user/panosetti/data/progs/DFTB/parameters/pbc/pbc-0-3/Si-H.skf
  /user/panosetti/data/progs/DFTB/parameters/pbc/pbc-0-3/Si-Si.skf
Done.


Processed input in HSD format written to 'dftb_pin.hsd'

Starting initialization...
--------------------------------------------------------------------------------
PGRID:ORBITAL: 1 x 2 x 4
PGRID:ALLPROC: 2 x 4
PGRID:ATOM: 2 x 4
RECLATPOINTS: 748
Mode:                        Conjugate gradient relaxation
Self consistent charges:     Yes
SCC-tolerance:                 0.100000E-04
Max. scc iterations:                    100
Ewald alpha parameter:         0.100000E+00
Spin polarisation:           No
Nr. of up electrons:          1032.500000
Nr. of down electrons:        1032.500000
Periodic boundaries:         Yes
Diagonalizer:                Divide and Conquer
Maximal SCC-cycles:                     100
Nr. of moved atoms:                     577
Max. nr. of geometry steps:               0
Force tolerance:               0.100000E-03
Electronic temperature:        0.360000E-02
Initial charges:             Set automatically (system chrg:   0.000E+00)
Included shells:              H:  s
                             Si:  s, p
K-points and weights:           1:  0.000000  0.000000  0.000000     1.000000
Extra options:

********************************************************************************
** Geometry step: 0
********************************************************************************

MAXNEIGHBORS: 1281
  iSCC Total electronic   Diff electronic      SCC error    
    1   -0.66606423E+03    0.00000000E+00    0.69959735E+00
    2   -0.66649938E+03   -0.43514473E+00    0.28902462E+00
    3   -0.66638581E+03    0.11356489E+00    0.19988993E+00
    4   -0.66414215E+03    0.22436622E+01    0.91707701E+00
    5   -0.66667901E+03   -0.25368643E+01    0.24510708E+00
    6   -0.66667315E+03    0.58602319E-02    0.70417893E-01
    7   -0.66650985E+03    0.16330395E+00    0.23059361E+00
    8   -0.66671118E+03   -0.20132786E+00    0.11365650E+00
    9   -0.66672174E+03   -0.10559037E-01    0.34534193E-01
   10   -0.66672439E+03   -0.26519672E-02    0.23661766E-01
   11   -0.66672421E+03    0.17366382E-03    0.27417604E-02
   12   -0.66672418E+03    0.31515558E-04    0.23803854E-02
   13   -0.66672415E+03    0.30770181E-04    0.26972982E-02
   14   -0.66672424E+03   -0.85239214E-04    0.86266495E-03
   15   -0.66672423E+03    0.59196830E-05    0.92247095E-03
   16   -0.66672425E+03   -0.18892394E-04    0.40106768E-03
   17   -0.66672425E+03   -0.92381799E-06    0.10440913E-03
   18   -0.66672424E+03    0.66492487E-05    0.10564157E-03
   19   -0.66672424E+03   -0.73361207E-06    0.67830604E-04
   20   -0.66672425E+03   -0.71104262E-06    0.31366971E-04
   21   -0.66672425E+03   -0.20880668E-06    0.18812204E-04
   22   -0.66672425E+03   -0.73584715E-07    0.70579562E-05
scc total               CPU:    62.58       Wall:    63.69
 
 Total Energy:                    -666.2500462738 H
 Total Mermin free energy:        -666.3296789849 H
force total             CPU:     2.34       Wall:     2.35
 Volume:                             0.266872E+06 au^3
 Pressure:                          -0.177212E-04 au    -0.521376E+09 Pa
 Maximal force component:            0.182670E-01
 
Geometry converged
program total           CPU:    65.84       Wall:    67.08
