================================================================================
==
==   DFTB+ (Density Functional Tight Binding and much more)
==
==                          Unofficial release (r4465)
==
==                            (ParserVersion = 4)
==
================================================================================

********************************************************************************
** Parsing and initializing
********************************************************************************

Interpreting input file 'dftb_in.hsd'
--------------------------------------------------------------------------------
Reading SK-files:
  /user/panosetti/data/progs/DFTB/parameters/pbc/pbc-0-3/H-H.skf
  /user/panosetti/data/progs/DFTB/parameters/pbc/pbc-0-3/H-Si.skf
  /user/panosetti/data/progs/DFTB/parameters/pbc/pbc-0-3/Si-H.skf
  /user/panosetti/data/progs/DFTB/parameters/pbc/pbc-0-3/Si-Si.skf
Done.


Processed input in HSD format written to 'dftb_pin.hsd'

Starting initialization...
--------------------------------------------------------------------------------
PGRID:ORBITAL: 1 x 2 x 4
PGRID:ALLPROC: 2 x 4
PGRID:ATOM: 2 x 2
RECLATPOINTS: 8767
Mode:                        Conjugate gradient relaxation
Self consistent charges:     Yes
SCC-tolerance:                 0.100000E-04
Max. scc iterations:                    100
Ewald alpha parameter:         0.500000E+00
Spin polarisation:           No
Nr. of up electrons:           108.500000
Nr. of down electrons:         108.500000
Periodic boundaries:         Yes
Diagonalizer:                Divide and Conquer
Maximal SCC-cycles:                     100
Nr. of moved atoms:                      61
Max. nr. of geometry steps:               0
Force tolerance:               0.100000E-03
Electronic temperature:        0.100000E-01
Initial charges:             Set automatically (system chrg:   0.000E+00)
Included shells:              H:  s
                             Si:  s, p
K-points and weights:           1: -0.333333 -0.333333  0.000000     0.111111
                                2: -0.333333  0.000000  0.000000     0.111111
                                3: -0.333333  0.333333  0.000000     0.111111
                                4:  0.000000 -0.333333  0.000000     0.111111
                                5:  0.000000  0.000000  0.000000     0.111111
                                6:  0.000000  0.333333  0.000000     0.111111
                                7:  0.333333 -0.333333  0.000000     0.111111
                                8:  0.333333  0.000000  0.000000     0.111111
                                9:  0.333333  0.333333  0.000000     0.111111
Extra options:

********************************************************************************
** Geometry step: 0
********************************************************************************

MAXNEIGHBORS: 641
  iSCC Total electronic   Diff electronic      SCC error    
    1   -0.69870683E+02    0.00000000E+00    0.49714749E+00
    2   -0.69897063E+02   -0.26379235E-01    0.22969906E+00
    3   -0.69840795E+02    0.56267829E-01    0.14083762E+00
    4   -0.69923573E+02   -0.82778105E-01    0.62103687E-01
    5   -0.69923636E+02   -0.63382344E-04    0.25597676E-01
    6   -0.69925369E+02   -0.17328951E-02    0.80976514E-02
    7   -0.69925287E+02    0.81816456E-04    0.36404696E-02
    8   -0.69925044E+02    0.24351826E-03    0.15189951E-02
    9   -0.69925152E+02   -0.10859457E-03    0.53376133E-03
   10   -0.69925160E+02   -0.77153892E-05    0.16027864E-03
   11   -0.69925143E+02    0.17368551E-04    0.59415745E-04
   12   -0.69925147E+02   -0.40836130E-05    0.53164565E-04
   13   -0.69925149E+02   -0.17819744E-05    0.10359643E-04
   14   -0.69925148E+02    0.10966969E-05    0.38381743E-05
scc total               CPU:    27.00       Wall:    31.48
 
 Total Energy:                     -69.8801406677 H
 Total Mermin free energy:         -69.9625320061 H
force total             CPU:     1.10       Wall:     1.20
 Volume:                             0.296525E+05 au^3
 Pressure:                          -0.210226E-04 au    -0.618505E+09 Pa
 Maximal force component:            0.161158E-01
 
Geometry converged
program total           CPU:    28.57       Wall:    33.37
