================================================================================
==
==   DFTB+ (Density Functional Tight Binding and much more)
==
==                          Unofficial release (r4465)
==
==                            (ParserVersion = 4)
==
================================================================================

********************************************************************************
** Parsing and initializing
********************************************************************************

Interpreting input file 'dftb_in.hsd'
--------------------------------------------------------------------------------
Reading SK-files:
  /user/panosetti/data/progs/DFTB/parameters/pbc/pbc-0-3/H-H.skf
  /user/panosetti/data/progs/DFTB/parameters/pbc/pbc-0-3/H-Si.skf
  /user/panosetti/data/progs/DFTB/parameters/pbc/pbc-0-3/Si-H.skf
  /user/panosetti/data/progs/DFTB/parameters/pbc/pbc-0-3/Si-Si.skf
Done.


Processed input in HSD format written to 'dftb_pin.hsd'

Starting initialization...
--------------------------------------------------------------------------------
PGRID:ORBITAL: 1 x 2 x 4
PGRID:ALLPROC: 2 x 4
PGRID:ATOM: 2 x 2
RECLATPOINTS: 8767
Mode:                        Conjugate gradient relaxation
Self consistent charges:     Yes
SCC-tolerance:                 0.100000E-04
Max. scc iterations:                    100
Ewald alpha parameter:         0.500000E+00
Spin polarisation:           No
Nr. of up electrons:           108.500000
Nr. of down electrons:         108.500000
Periodic boundaries:         Yes
Diagonalizer:                Divide and Conquer
Maximal SCC-cycles:                     100
Nr. of moved atoms:                      61
Max. nr. of geometry steps:               0
Force tolerance:               0.100000E-03
Electronic temperature:        0.100000E-01
Initial charges:             Set automatically (system chrg:   0.000E+00)
Included shells:              H:  s
                             Si:  s, p
K-points and weights:           1: -0.333333 -0.333333  0.000000     0.111111
                                2: -0.333333  0.000000  0.000000     0.111111
                                3: -0.333333  0.333333  0.000000     0.111111
                                4:  0.000000 -0.333333  0.000000     0.111111
                                5:  0.000000  0.000000  0.000000     0.111111
                                6:  0.000000  0.333333  0.000000     0.111111
                                7:  0.333333 -0.333333  0.000000     0.111111
                                8:  0.333333  0.000000  0.000000     0.111111
                                9:  0.333333  0.333333  0.000000     0.111111
Extra options:

********************************************************************************
** Geometry step: 0
********************************************************************************

MAXNEIGHBORS: 641
  iSCC Total electronic   Diff electronic      SCC error    
    1   -0.69561334E+02    0.00000000E+00    0.42843298E+00
    2   -0.69478932E+02    0.82402024E-01    0.34700269E+00
    3   -0.69404174E+02    0.74758762E-01    0.35560407E+00
    4   -0.69648125E+02   -0.24395101E+00    0.72377340E-01
    5   -0.69645500E+02    0.26249803E-02    0.34888238E-01
    6   -0.69651044E+02   -0.55444332E-02    0.22351849E-01
    7   -0.69650732E+02    0.31203199E-03    0.60924258E-02
    8   -0.69650934E+02   -0.20154563E-03    0.20184218E-02
    9   -0.69650991E+02   -0.57670313E-04    0.95074043E-03
   10   -0.69650969E+02    0.22565452E-04    0.45969514E-03
   11   -0.69650964E+02    0.47897946E-05    0.15548849E-03
   12   -0.69650971E+02   -0.66895166E-05    0.45880727E-04
   13   -0.69650966E+02    0.47800104E-05    0.29335780E-04
   14   -0.69650968E+02   -0.16624994E-05    0.10870385E-04
   15   -0.69650968E+02   -0.17939975E-06    0.27568260E-05
scc total               CPU:    33.38       Wall:    38.42
 
 Total Energy:                     -69.6103491853 H
 Total Mermin free energy:         -69.7449445377 H
force total             CPU:     1.00       Wall:     1.18
 Volume:                             0.296525E+05 au^3
 Pressure:                          -0.219207E-04 au    -0.644929E+09 Pa
 Maximal force component:            0.172924E-01
 
Geometry converged
program total           CPU:    35.10       Wall:    40.53
